Archive member included to satisfy reference by file (symbol)

C:/ST/STM32CubeIDE_1.15.0/STM32CubeIDE/plugins/com.st.stm32cube.ide.mcu.externaltools.gnu-tools-for-stm32.12.3.rel1.win32_1.0.100.202403111256/tools/bin/../lib/gcc/arm-none-eabi/12.3.1/../../../../arm-none-eabi/lib/thumb/v7e-m+fp/hard\libc_nano.a(libc_a-exit.o)
                              C:/ST/STM32CubeIDE_1.15.0/STM32CubeIDE/plugins/com.st.stm32cube.ide.mcu.externaltools.gnu-tools-for-stm32.12.3.rel1.win32_1.0.100.202403111256/tools/bin/../lib/gcc/arm-none-eabi/12.3.1/../../../../arm-none-eabi/lib/thumb/v7e-m+fp/hard/crt0.o (exit)
C:/ST/STM32CubeIDE_1.15.0/STM32CubeIDE/plugins/com.st.stm32cube.ide.mcu.externaltools.gnu-tools-for-stm32.12.3.rel1.win32_1.0.100.202403111256/tools/bin/../lib/gcc/arm-none-eabi/12.3.1/../../../../arm-none-eabi/lib/thumb/v7e-m+fp/hard\libc_nano.a(libc_a-malloc.o)
                              ./Src/heap_3.o (malloc)
C:/ST/STM32CubeIDE_1.15.0/STM32CubeIDE/plugins/com.st.stm32cube.ide.mcu.externaltools.gnu-tools-for-stm32.12.3.rel1.win32_1.0.100.202403111256/tools/bin/../lib/gcc/arm-none-eabi/12.3.1/../../../../arm-none-eabi/lib/thumb/v7e-m+fp/hard\libc_nano.a(libc_a-mallocr.o)
                              C:/ST/STM32CubeIDE_1.15.0/STM32CubeIDE/plugins/com.st.stm32cube.ide.mcu.externaltools.gnu-tools-for-stm32.12.3.rel1.win32_1.0.100.202403111256/tools/bin/../lib/gcc/arm-none-eabi/12.3.1/../../../../arm-none-eabi/lib/thumb/v7e-m+fp/hard\libc_nano.a(libc_a-malloc.o) (_malloc_r)
C:/ST/STM32CubeIDE_1.15.0/STM32CubeIDE/plugins/com.st.stm32cube.ide.mcu.externaltools.gnu-tools-for-stm32.12.3.rel1.win32_1.0.100.202403111256/tools/bin/../lib/gcc/arm-none-eabi/12.3.1/../../../../arm-none-eabi/lib/thumb/v7e-m+fp/hard\libc_nano.a(libc_a-mlock.o)
                              C:/ST/STM32CubeIDE_1.15.0/STM32CubeIDE/plugins/com.st.stm32cube.ide.mcu.externaltools.gnu-tools-for-stm32.12.3.rel1.win32_1.0.100.202403111256/tools/bin/../lib/gcc/arm-none-eabi/12.3.1/../../../../arm-none-eabi/lib/thumb/v7e-m+fp/hard\libc_nano.a(libc_a-mallocr.o) (__malloc_lock)
C:/ST/STM32CubeIDE_1.15.0/STM32CubeIDE/plugins/com.st.stm32cube.ide.mcu.externaltools.gnu-tools-for-stm32.12.3.rel1.win32_1.0.100.202403111256/tools/bin/../lib/gcc/arm-none-eabi/12.3.1/../../../../arm-none-eabi/lib/thumb/v7e-m+fp/hard\libc_nano.a(libc_a-findfp.o)
                              C:/ST/STM32CubeIDE_1.15.0/STM32CubeIDE/plugins/com.st.stm32cube.ide.mcu.externaltools.gnu-tools-for-stm32.12.3.rel1.win32_1.0.100.202403111256/tools/bin/../lib/gcc/arm-none-eabi/12.3.1/../../../../arm-none-eabi/lib/thumb/v7e-m+fp/hard\libc_nano.a(libc_a-exit.o) (__stdio_exit_handler)
C:/ST/STM32CubeIDE_1.15.0/STM32CubeIDE/plugins/com.st.stm32cube.ide.mcu.externaltools.gnu-tools-for-stm32.12.3.rel1.win32_1.0.100.202403111256/tools/bin/../lib/gcc/arm-none-eabi/12.3.1/../../../../arm-none-eabi/lib/thumb/v7e-m+fp/hard\libc_nano.a(libc_a-fwalk.o)
                              C:/ST/STM32CubeIDE_1.15.0/STM32CubeIDE/plugins/com.st.stm32cube.ide.mcu.externaltools.gnu-tools-for-stm32.12.3.rel1.win32_1.0.100.202403111256/tools/bin/../lib/gcc/arm-none-eabi/12.3.1/../../../../arm-none-eabi/lib/thumb/v7e-m+fp/hard\libc_nano.a(libc_a-findfp.o) (_fwalk_sglue)
C:/ST/STM32CubeIDE_1.15.0/STM32CubeIDE/plugins/com.st.stm32cube.ide.mcu.externaltools.gnu-tools-for-stm32.12.3.rel1.win32_1.0.100.202403111256/tools/bin/../lib/gcc/arm-none-eabi/12.3.1/../../../../arm-none-eabi/lib/thumb/v7e-m+fp/hard\libc_nano.a(libc_a-stdio.o)
                              C:/ST/STM32CubeIDE_1.15.0/STM32CubeIDE/plugins/com.st.stm32cube.ide.mcu.externaltools.gnu-tools-for-stm32.12.3.rel1.win32_1.0.100.202403111256/tools/bin/../lib/gcc/arm-none-eabi/12.3.1/../../../../arm-none-eabi/lib/thumb/v7e-m+fp/hard\libc_nano.a(libc_a-findfp.o) (__sread)
C:/ST/STM32CubeIDE_1.15.0/STM32CubeIDE/plugins/com.st.stm32cube.ide.mcu.externaltools.gnu-tools-for-stm32.12.3.rel1.win32_1.0.100.202403111256/tools/bin/../lib/gcc/arm-none-eabi/12.3.1/../../../../arm-none-eabi/lib/thumb/v7e-m+fp/hard\libc_nano.a(libc_a-memset.o)
                              C:/ST/STM32CubeIDE_1.15.0/STM32CubeIDE/plugins/com.st.stm32cube.ide.mcu.externaltools.gnu-tools-for-stm32.12.3.rel1.win32_1.0.100.202403111256/tools/bin/../lib/gcc/arm-none-eabi/12.3.1/../../../../arm-none-eabi/lib/thumb/v7e-m+fp/hard/crt0.o (memset)
C:/ST/STM32CubeIDE_1.15.0/STM32CubeIDE/plugins/com.st.stm32cube.ide.mcu.externaltools.gnu-tools-for-stm32.12.3.rel1.win32_1.0.100.202403111256/tools/bin/../lib/gcc/arm-none-eabi/12.3.1/../../../../arm-none-eabi/lib/thumb/v7e-m+fp/hard\libc_nano.a(libc_a-closer.o)
                              C:/ST/STM32CubeIDE_1.15.0/STM32CubeIDE/plugins/com.st.stm32cube.ide.mcu.externaltools.gnu-tools-for-stm32.12.3.rel1.win32_1.0.100.202403111256/tools/bin/../lib/gcc/arm-none-eabi/12.3.1/../../../../arm-none-eabi/lib/thumb/v7e-m+fp/hard\libc_nano.a(libc_a-stdio.o) (_close_r)
[...]
Memory Configuration

Name             Origin             Length             Attributes
RAM              0x20000000         0x00020000         xrw
FLASH            0x08000000         0x00080000         xr
*default*        0x00000000         0xffffffff

Linker script and memory map

LOAD C:/ST/STM32CubeIDE_1.15.0/STM32CubeIDE/plugins/com.st.stm32cube.ide.mcu.externaltools.gnu-tools-for-stm32.12.3.rel1.win32_1.0.100.202403111256/tools/bin/../lib/gcc/arm-none-eabi/12.3.1/thumb/v7e-m+fp/hard/crti.o
LOAD C:/ST/STM32CubeIDE_1.15.0/STM32CubeIDE/plugins/com.st.stm32cube.ide.mcu.externaltools.gnu-tools-for-stm32.12.3.rel1.win32_1.0.100.202403111256/tools/bin/../lib/gcc/arm-none-eabi/12.3.1/thumb/v7e-m+fp/hard/crtbegin.o
LOAD C:/ST/STM32CubeIDE_1.15.0/STM32CubeIDE/plugins/com.st.stm32cube.ide.mcu.externaltools.gnu-tools-for-stm32.12.3.rel1.win32_1.0.100.202403111256/tools/bin/../lib/gcc/arm-none-eabi/12.3.1/../../../../arm-none-eabi/lib/thumb/v7e-m+fp/hard/crt0.o
LOAD ./Src/MainDev.o
LOAD ./Src/USARTDrv.o
LOAD ./Src/heap_3.o
LOAD ./Src/list.o
LOAD ./Src/main.o
LOAD ./Src/port.o
LOAD ./Src/queue.o
LOAD ./Src/stm32f4xx_it.o
LOAD ./Src/syscalls.o
LOAD ./Src/sysmem.o
LOAD ./Src/system_stm32f4xx.o
LOAD ./Src/tasks.o
LOAD ./Startup/Drivers/STM32F4xx_HAL_Driver/Src/stm32f4xx_ll_dma.o
LOAD ./Startup/Drivers/STM32F4xx_HAL_Driver/Src/stm32f4xx_ll_exti.o
LOAD ./Startup/Drivers/STM32F4xx_HAL_Driver/Src/stm32f4xx_ll_gpio.o
LOAD ./Startup/Drivers/STM32F4xx_HAL_Driver/Src/stm32f4xx_ll_rcc.o
LOAD ./Startup/Drivers/STM32F4xx_HAL_Driver/Src/stm32f4xx_ll_tim.o
LOAD ./Startup/Drivers/STM32F4xx_HAL_Driver/Src/stm32f4xx_ll_usart.o
LOAD ./Startup/Drivers/STM32F4xx_HAL_Driver/Src/stm32f4xx_ll_utils.o
LOAD ./Startup/startup_stm32f411vetx.o
START GROUP
LOAD C:/ST/STM32CubeIDE_1.15.0/STM32CubeIDE/plugins/com.st.stm32cube.ide.mcu.externaltools.gnu-tools-for-stm32.12.3.rel1.win32_1.0.100.202403111256/tools/bin/../lib/gcc/arm-none-eabi/12.3.1/../../../../arm-none-eabi/lib/thumb/v7e-m+fp/hard\libc_nano.a
LOAD C:/ST/STM32CubeIDE_1.15.0/STM32CubeIDE/plugins/com.st.stm32cube.ide.mcu.externaltools.gnu-tools-for-stm32.12.3.rel1.win32_1.0.100.202403111256/tools/bin/../lib/gcc/arm-none-eabi/12.3.1/../../../../arm-none-eabi/lib/thumb/v7e-m+fp/hard\libm.a
END GROUP
START GROUP
LOAD C:/ST/STM32CubeIDE_1.15.0/STM32CubeIDE/plugins/com.st.stm32cube.ide.mcu.externaltools.gnu-tools-for-stm32.12.3.rel1.win32_1.0.100.202403111256/tools/bin/../lib/gcc/arm-none-eabi/12.3.1/thumb/v7e-m+fp/hard\libgcc.a
LOAD C:/ST/STM32CubeIDE_1.15.0/STM32CubeIDE/plugins/com.st.stm32cube.ide.mcu.externaltools.gnu-tools-for-stm32.12.3.rel1.win32_1.0.100.202403111256/tools/bin/../lib/gcc/arm-none-eabi/12.3.1/../../../../arm-none-eabi/lib/thumb/v7e-m+fp/hard\libc_nano.a
END GROUP
START GROUP
LOAD C:/ST/STM32CubeIDE_1.15.0/STM32CubeIDE/plugins/com.st.stm32cube.ide.mcu.externaltools.gnu-tools-for-stm32.12.3.rel1.win32_1.0.100.202403111256/tools/bin/../lib/gcc/arm-none-eabi/12.3.1/thumb/v7e-m+fp/hard\libgcc.a
LOAD C:/ST/STM32CubeIDE_1.15.0/STM32CubeIDE/plugins/com.st.stm32cube.ide.mcu.externaltools.gnu-tools-for-stm32.12.3.rel1.win32_1.0.100.202403111256/tools/bin/../lib/gcc/arm-none-eabi/12.3.1/../../../../arm-none-eabi/lib/thumb/v7e-m+fp/hard\libc_nano.a
LOAD C:/ST/STM32CubeIDE_1.15.0/STM32CubeIDE/plugins/com.st.stm32cube.ide.mcu.externaltools.gnu-tools-for-stm32.12.3.rel1.win32_1.0.100.202403111256/tools/bin/../lib/gcc/arm-none-eabi/12.3.1/../../../../arm-none-eabi/lib/thumb/v7e-m+fp/hard\libnosys.a
END GROUP
START GROUP
LOAD C:/ST/STM32CubeIDE_1.15.0/STM32CubeIDE/plugins/com.st.stm32cube.ide.mcu.externaltools.gnu-tools-for-stm32.12.3.rel1.win32_1.0.100.202403111256/tools/bin/../lib/gcc/arm-none-eabi/12.3.1/thumb/v7e-m+fp/hard\libgcc.a
LOAD C:/ST/STM32CubeIDE_1.15.0/STM32CubeIDE/plugins/com.st.stm32cube.ide.mcu.externaltools.gnu-tools-for-stm32.12.3.rel1.win32_1.0.100.202403111256/tools/bin/../lib/gcc/arm-none-eabi/12.3.1/../../../../arm-none-eabi/lib/thumb/v7e-m+fp/hard\libc_nano.a
LOAD C:/ST/STM32CubeIDE_1.15.0/STM32CubeIDE/plugins/com.st.stm32cube.ide.mcu.externaltools.gnu-tools-for-stm32.12.3.rel1.win32_1.0.100.202403111256/tools/bin/../lib/gcc/arm-none-eabi/12.3.1/../../../../arm-none-eabi/lib/thumb/v7e-m+fp/hard\libnosys.a
END GROUP
LOAD C:/ST/STM32CubeIDE_1.15.0/STM32CubeIDE/plugins/com.st.stm32cube.ide.mcu.externaltools.gnu-tools-for-stm32.12.3.rel1.win32_1.0.100.202403111256/tools/bin/../lib/gcc/arm-none-eabi/12.3.1/thumb/v7e-m+fp/hard/crtend.o
LOAD C:/ST/STM32CubeIDE_1.15.0/STM32CubeIDE/plugins/com.st.stm32cube.ide.mcu.externaltools.gnu-tools-for-stm32.12.3.rel1.win32_1.0.100.202403111256/tools/bin/../lib/gcc/arm-none-eabi/12.3.1/thumb/v7e-m+fp/hard/crtn.o
                0x20020000                        _estack = (ORIGIN (RAM) + LENGTH (RAM))
                0x00000200                        _Min_Heap_Size = 0x200
                0x00000400                        _Min_Stack_Size = 0x400

.isr_vector     0x08000000      0x198
                0x08000000                        . = ALIGN (0x4)
 *(.isr_vector)
 .isr_vector    0x08000000      0x198 ./Startup/startup_stm32f411vetx.o
                0x08000000                g_pfnVectors
                0x08000198                        . = ALIGN (0x4)

.text           0x080001a0     0x4d48
                0x080001a0                        . = ALIGN (0x4)
 *(.text)
 .text          0x080001a0       0x40 C:/ST/STM32CubeIDE_1.15.0/STM32CubeIDE/plugins/com.st.stm32cube.ide.mcu.externaltools.gnu-tools-for-stm32.12.3.rel1.win32_1.0.100.202403111256/tools/bin/../lib/gcc/arm-none-eabi/12.3.1/thumb/v7e-m+fp/hard/crtbegin.o
 .text          0x080001e0       0x30 C:/ST/STM32CubeIDE_1.15.0/STM32CubeIDE/plugins/com.st.stm32cube.ide.mcu.externaltools.gnu-tools-for-stm32.12.3.rel1.win32_1.0.100.202403111256/tools/bin/../lib/gcc/arm-none-eabi/12.3.1/thumb/v7e-m+fp/hard\libgcc.a(_aeabi_uldivmod.o)
                0x080001e0                __aeabi_uldivmod
 .text          0x08000210      0x2bc C:/ST/STM32CubeIDE_1.15.0/STM32CubeIDE/plugins/com.st.stm32cube.ide.mcu.externaltools.gnu-tools-for-stm32.12.3.rel1.win32_1.0.100.202403111256/tools/bin/../lib/gcc/arm-none-eabi/12.3.1/thumb/v7e-m+fp/hard\libgcc.a(_udivmoddi4.o)
                0x08000210                __udivmoddi4
 .text          0x080004cc        0x4 C:/ST/STM32CubeIDE_1.15.0/STM32CubeIDE/plugins/com.st.stm32cube.ide.mcu.externaltools.gnu-tools-for-stm32.12.3.rel1.win32_1.0.100.202403111256/tools/bin/../lib/gcc/arm-none-eabi/12.3.1/thumb/v7e-m+fp/hard\libgcc.a(_dvmd_tls.o)
                0x080004cc                __aeabi_idiv0
                0x080004cc                __aeabi_ldiv0
 *(.text*)
 .text.__NVIC_GetPriorityGrouping
                0x080004d0       0x1c ./Src/MainDev.o
 .text.__NVIC_EnableIRQ
                0x080004ec       0x3c ./Src/MainDev.o
 .text.__NVIC_SetPriority
                0x08000528       0x54 ./Src/MainDev.o
 .text.NVIC_EncodePriority
                0x0800057c       0x66 ./Src/MainDev.o
 *fill*         0x080005e2        0x2 
 .text.LL_AHB1_GRP1_EnableClock
                0x080005e4       0x30 ./Src/MainDev.o
 .text.LL_APB2_GRP1_EnableClock
                0x08000614       0x30 ./Src/MainDev.o
 .text.LL_TIM_EnableCounter
                0x08000644       0x20 ./Src/MainDev.o
 .text.LL_TIM_DisableARRPreload
                0x08000664       0x20 ./Src/MainDev.o
 .text.LL_TIM_SetClockSource
                0x08000684       0x2a ./Src/MainDev.o
 .text.LL_TIM_SetTriggerOutput
                0x080006ae       0x26 ./Src/MainDev.o
 .text.LL_TIM_DisableMasterSlaveMode
                0x080006d4       0x20 ./Src/MainDev.o
 .text.LL_TIM_ClearFlag_UPDATE
                0x080006f4       0x1c ./Src/MainDev.o
 .text.LL_TIM_IsActiveFlag_UPDATE
                0x08000710       0x26 ./Src/MainDev.o
 .text.LL_GPIO_ResetOutputPin
                0x08000736       0x1e ./Src/MainDev.o
 .text.LL_GPIO_TogglePin
                0x08000754       0x32 ./Src/MainDev.o
 *fill*         0x08000786        0x2 
 .text.MainDev_Init
                0x08000788       0x54 ./Src/MainDev.o
                0x08000788                MainDev_Init
 .text.MainDev_MainLoopProc
                0x080007dc       0x20 ./Src/MainDev.o
                0x080007dc                MainDev_MainLoopProc
 .text.RxTxInLoop
                0x080007fc       0x54 ./Src/MainDev.o
 .text.GPIO_init
                0x08000850       0x58 ./Src/MainDev.o
 .text.TIM_init
                0x080008a8       0xac ./Src/MainDev.o
 .text.blink    0x08000954       0x2c ./Src/MainDev.o
 .text.__NVIC_EnableIRQ
                0x08000980       0x3c ./Src/USARTDrv.o
 .text.__NVIC_SetPriority
                0x080009bc       0x54 ./Src/USARTDrv.o
 .text.LL_DMA_EnableStream
                0x08000a10       0x40 ./Src/USARTDrv.o
 .text.LL_DMA_DisableStream
                0x08000a50       0x40 ./Src/USARTDrv.o
 .text.LL_DMA_SetDataTransferDirection
                0x08000a90       0x48 ./Src/USARTDrv.o
 .text.LL_DMA_GetDataTransferDirection
                0x08000ad8       0x30 ./Src/USARTDrv.o
 .text.LL_DMA_SetMode
                0x08000b08       0x48 ./Src/USARTDrv.o
 .text.LL_DMA_SetPeriphIncMode
                0x08000b50       0x48 ./Src/USARTDrv.o
 .text.LL_DMA_SetMemoryIncMode
                0x08000b98       0x48 ./Src/USARTDrv.o
 .text.LL_DMA_SetPeriphSize
                0x08000be0       0x48 ./Src/USARTDrv.o
 .text.LL_DMA_SetMemorySize
                0x08000c28       0x48 ./Src/USARTDrv.o
 .text.LL_DMA_SetStreamPriorityLevel
                0x08000c70       0x48 ./Src/USARTDrv.o
 .text.LL_DMA_SetDataLength
                0x08000cb8       0x48 ./Src/USARTDrv.o
 .text.LL_DMA_GetDataLength
                0x08000d00       0x2c ./Src/USARTDrv.o
 .text.LL_DMA_SetChannelSelection
                0x08000d2c       0x48 ./Src/USARTDrv.o
 .text.LL_DMA_DisableFifoMode
                0x08000d74       0x40 ./Src/USARTDrv.o
 .text.LL_DMA_ConfigAddresses
                0x08000db4       0x78 ./Src/USARTDrv.o
 .text.LL_DMA_IsActiveFlag_TC1
                0x08000e2c       0x28 ./Src/USARTDrv.o
 .text.LL_DMA_ClearFlag_TC1
                0x08000e54       0x1c ./Src/USARTDrv.o
 .text.LL_DMA_EnableIT_TE
                0x08000e70       0x40 ./Src/USARTDrv.o
 .text.LL_DMA_EnableIT_TC
                0x08000eb0       0x40 ./Src/USARTDrv.o
 .text.LL_AHB1_GRP1_EnableClock
                0x08000ef0       0x30 ./Src/USARTDrv.o
 .text.LL_APB2_GRP1_EnableClock
                0x08000f20       0x30 ./Src/USARTDrv.o
 .text.LL_USART_Enable
                0x08000f50       0x20 ./Src/USARTDrv.o
 .text.LL_USART_ConfigAsyncMode
                0x08000f70       0x2c ./Src/USARTDrv.o
 .text.LL_USART_IsActiveFlag_TC
                0x08000f9c       0x26 ./Src/USARTDrv.o
 .text.LL_USART_ClearFlag_TC
                0x08000fc2       0x1c ./Src/USARTDrv.o
 .text.LL_USART_EnableIT_IDLE
                0x08000fde       0x46 ./Src/USARTDrv.o
 .text.LL_USART_EnableIT_RXNE
                0x08001024       0x46 ./Src/USARTDrv.o
 .text.LL_USART_EnableIT_TC
                0x0800106a       0x46 ./Src/USARTDrv.o
 .text.LL_USART_EnableDMAReq_RX
                0x080010b0       0x46 ./Src/USARTDrv.o
 .text.LL_USART_EnableDMAReq_TX
                0x080010f6       0x46 ./Src/USARTDrv.o
 .text.LL_USART_DMA_GetRegAddr
                0x0800113c       0x18 ./Src/USARTDrv.o
 .text.USARTDrv_Init
                0x08001154       0x7c ./Src/USARTDrv.o
                0x08001154                USARTDrv_Init
 .text.USARTDrv_TX
                0x080011d0       0xa0 ./Src/USARTDrv.o
                0x080011d0                USARTDrv_TX
 .text.USARTDrv_RxTask
                0x08001270       0x78 ./Src/USARTDrv.o
 .text.usart_rx_check
                0x080012e8       0xc0 ./Src/USARTDrv.o
                0x080012e8                usart_rx_check
 .text.USART_config
                0x080013a8       0xd4 ./Src/USARTDrv.o
                0x080013a8                USART_config
 .text.DMA_config
                0x0800147c      0x17c ./Src/USARTDrv.o
                0x0800147c                DMA_config
 .text.UART_RX_Callback
                0x080015f8       0x4c ./Src/USARTDrv.o
                0x080015f8                UART_RX_Callback
 .text.pvPortMalloc
                0x08001644       0x2e ./Src/heap_3.o
                0x08001644                pvPortMalloc
 .text.vPortFree
                0x08001672       0x24 ./Src/heap_3.o
                0x08001672                vPortFree
 .text.vListInitialise
                0x08001696       0x40 ./Src/list.o
                0x08001696                vListInitialise
 .text.vListInitialiseItem
                0x080016d6       0x1a ./Src/list.o
                0x080016d6                vListInitialiseItem
 .text.vListInsertEnd
                0x080016f0       0x48 ./Src/list.o
                0x080016f0                vListInsertEnd
 .text.vListInsert
                0x08001738       0x72 ./Src/list.o
                0x08001738                vListInsert
 .text.uxListRemove
                0x080017aa       0x54 ./Src/list.o
                0x080017aa                uxListRemove
 *fill*         0x080017fe        0x2 
 .text.LL_RCC_HSI_Enable
                0x08001800       0x20 ./Src/main.o
 .text.LL_RCC_HSI_IsReady
                0x08001820       0x24 ./Src/main.o
 .text.LL_RCC_HSI_SetCalibTrimming
                0x08001844       0x2c ./Src/main.o
 .text.LL_RCC_SetSysClkSource
                0x08001870       0x28 ./Src/main.o
 .text.LL_RCC_GetSysClkSource
                0x08001898       0x1c ./Src/main.o
 .text.LL_RCC_SetAHBPrescaler
                0x080018b4       0x28 ./Src/main.o
 .text.LL_RCC_SetAPB1Prescaler
                0x080018dc       0x28 ./Src/main.o
 .text.LL_RCC_SetAPB2Prescaler
                0x08001904       0x28 ./Src/main.o
 .text.LL_RCC_SetTIMPrescaler
                0x0800192c       0x2c ./Src/main.o
 .text.LL_RCC_PLL_Enable
                0x08001958       0x20 ./Src/main.o
 .text.LL_RCC_PLL_IsReady
                0x08001978       0x28 ./Src/main.o
 .text.LL_RCC_PLL_ConfigDomain_SYS
                0x080019a0       0x4c ./Src/main.o
 .text.LL_APB1_GRP1_EnableClock
                0x080019ec       0x30 ./Src/main.o
 .text.LL_APB2_GRP1_EnableClock
                0x08001a1c       0x30 ./Src/main.o
 .text.LL_FLASH_SetLatency
                0x08001a4c       0x28 ./Src/main.o
 .text.LL_FLASH_GetLatency
                0x08001a74       0x1c ./Src/main.o
 .text.LL_PWR_SetRegulVoltageScaling
                0x08001a90       0x28 ./Src/main.o
 .text.LL_PWR_IsActiveFlag_VOS
                0x08001ab8       0x28 ./Src/main.o
 .text.main     0x08001ae0       0x30 ./Src/main.o
                0x08001ae0                main
 .text.vApplicationIdleHook
                0x08001b10        0xe ./Src/main.o
                0x08001b10                vApplicationIdleHook
 *fill*         0x08001b1e        0x2 
 .text.vApplicationTickHook
                0x08001b20       0x2c ./Src/main.o
                0x08001b20                vApplicationTickHook
 .text.vApplicationMallocFailedHook
                0x08001b4c       0x10 ./Src/main.o
                0x08001b4c                vApplicationMallocFailedHook
 .text.vApplicationStackOverflowHook
                0x08001b5c       0x18 ./Src/main.o
                0x08001b5c                vApplicationStackOverflowHook
 .text.SystemClock_Config
                0x08001b74       0xa0 ./Src/main.o
                0x08001b74                SystemClock_Config
 .text.pxPortInitialiseStack
                0x08001c14       0x68 ./Src/port.o
                0x08001c14                pxPortInitialiseStack
 .text.prvTaskExitError
                0x08001c7c       0x5c ./Src/port.o
 *fill*         0x08001cd8        0x8 
 .text.SVC_Handler
                0x08001ce0       0x28 ./Src/port.o
                0x08001ce0                SVC_Handler
 .text.prvPortStartFirstTask
                0x08001d08       0x2c ./Src/port.o
 .text.xPortStartScheduler
                0x08001d34      0x1e0 ./Src/port.o
                0x08001d34                xPortStartScheduler
 .text.vPortEnterCritical
                0x08001f14       0x64 ./Src/port.o
                0x08001f14                vPortEnterCritical
 .text.vPortExitCritical
                0x08001f78       0x54 ./Src/port.o
                0x08001f78                vPortExitCritical
 *fill*         0x08001fcc        0x4 
 .text.PendSV_Handler
                0x08001fd0       0x68 ./Src/port.o
                0x08001fd0                PendSV_Handler
 .text.SysTick_Handler
                0x08002038       0x44 ./Src/port.o
                0x08002038                SysTick_Handler
 .text.vPortSetupTimerInterrupt
                0x0800207c       0x48 ./Src/port.o
                0x0800207c                vPortSetupTimerInterrupt
 .text.vPortEnableVFP
                0x080020c4       0x18 ./Src/port.o
 .text.vPortValidateInterruptPriority
                0x080020dc       0x84 ./Src/port.o
                0x080020dc                vPortValidateInterruptPriority
 .text.xQueueGenericReset
                0x08002160      0x124 ./Src/queue.o
                0x08002160                xQueueGenericReset
 .text.xQueueGenericCreate
                0x08002284       0x9e ./Src/queue.o
                0x08002284                xQueueGenericCreate
 .text.prvInitialiseNewQueue
                0x08002322       0x46 ./Src/queue.o
 .text.xQueueGenericSend
                0x08002368      0x1d4 ./Src/queue.o
                0x08002368                xQueueGenericSend
 .text.prvCopyDataToQueue
                0x0800253c       0xd4 ./Src/queue.o
 .text.prvUnlockQueue
                0x08002610       0xa4 ./Src/queue.o
 .text.prvIsQueueFull
                0x080026b4       0x30 ./Src/queue.o
 .text.LL_DMA_IsActiveFlag_HT2
                0x080026e4       0x28 ./Src/stm32f4xx_it.o
 .text.LL_DMA_IsActiveFlag_TC2
                0x0800270c       0x28 ./Src/stm32f4xx_it.o
 .text.LL_DMA_IsActiveFlag_TC7
                0x08002734       0x28 ./Src/stm32f4xx_it.o
 .text.LL_DMA_ClearFlag_HT2
                0x0800275c       0x1c ./Src/stm32f4xx_it.o
 .text.LL_DMA_ClearFlag_TC2
                0x08002778       0x1c ./Src/stm32f4xx_it.o
 .text.LL_DMA_ClearFlag_TC7
                0x08002794       0x1c ./Src/stm32f4xx_it.o
 .text.LL_USART_IsActiveFlag_IDLE
                0x080027b0       0x26 ./Src/stm32f4xx_it.o
 .text.LL_USART_IsActiveFlag_TC
                0x080027d6       0x26 ./Src/stm32f4xx_it.o
 .text.LL_USART_ClearFlag_TC
                0x080027fc       0x1c ./Src/stm32f4xx_it.o
 .text.LL_USART_ClearFlag_RXNE
                0x08002818       0x1c ./Src/stm32f4xx_it.o
 .text.NMI_Handler
                0x08002834        0x8 ./Src/stm32f4xx_it.o
                0x08002834                NMI_Handler
 .text.HardFault_Handler
                0x0800283c        0x8 ./Src/stm32f4xx_it.o
                0x0800283c                HardFault_Handler
 .text.MemManage_Handler
                0x08002844        0x8 ./Src/stm32f4xx_it.o
                0x08002844                MemManage_Handler
 .text.BusFault_Handler
                0x0800284c        0x8 ./Src/stm32f4xx_it.o
                0x0800284c                BusFault_Handler
 .text.UsageFault_Handler
                0x08002854        0x8 ./Src/stm32f4xx_it.o
                0x08002854                UsageFault_Handler
 .text.DebugMon_Handler
                0x0800285c        0xe ./Src/stm32f4xx_it.o
                0x0800285c                DebugMon_Handler
 .text.TIM1_BRK_TIM9_IRQHandler
                0x0800286a        0xe ./Src/stm32f4xx_it.o
                0x0800286a                TIM1_BRK_TIM9_IRQHandler
 .text.TIM1_UP_TIM10_IRQHandler
                0x08002878        0xe ./Src/stm32f4xx_it.o
                0x08002878                TIM1_UP_TIM10_IRQHandler
 *fill*         0x08002886        0x2 
 .text.USART1_IRQHandler
                0x08002888       0x30 ./Src/stm32f4xx_it.o
                0x08002888                USART1_IRQHandler
 .text.DMA2_Stream2_IRQHandler
                0x080028b8       0x38 ./Src/stm32f4xx_it.o
                0x080028b8                DMA2_Stream2_IRQHandler
 .text.DMA2_Stream7_IRQHandler
                0x080028f0       0x20 ./Src/stm32f4xx_it.o
                0x080028f0                DMA2_Stream7_IRQHandler
 .text._sbrk    0x08002910       0x6c ./Src/sysmem.o
                0x08002910                _sbrk
 .text.SystemInit
                0x0800297c       0x24 ./Src/system_stm32f4xx.o
                0x0800297c                SystemInit
 .text.prvCreateTask
                0x080029a0       0x78 ./Src/tasks.o
 .text.xTaskCreate
                0x08002a18       0x46 ./Src/tasks.o
                0x08002a18                xTaskCreate
 .text.prvInitialiseNewTask
                0x08002a5e      0x120 ./Src/tasks.o
 *fill*         0x08002b7e        0x2 
 .text.prvAddNewTaskToReadyList
                0x08002b80      0x130 ./Src/tasks.o
 .text.vTaskDelete
                0x08002cb0      0x144 ./Src/tasks.o
                0x08002cb0                vTaskDelete
 .text.vTaskDelay
                0x08002df4       0x6c ./Src/tasks.o
                0x08002df4                vTaskDelay
 .text.prvCreateIdleTasks
                0x08002e60       0x94 ./Src/tasks.o
 .text.vTaskStartScheduler
                0x08002ef4       0x7c ./Src/tasks.o
                0x08002ef4                vTaskStartScheduler
 .text.vTaskSuspendAll
                0x08002f70       0x1c ./Src/tasks.o
                0x08002f70                vTaskSuspendAll
 .text.xTaskResumeAll
                0x08002f8c      0x210 ./Src/tasks.o
                0x08002f8c                xTaskResumeAll
 .text.xTaskIncrementTick
                0x0800319c      0x244 ./Src/tasks.o
                0x0800319c                xTaskIncrementTick
 .text.vTaskSwitchContext
                0x080033e0       0xdc ./Src/tasks.o
                0x080033e0                vTaskSwitchContext
 .text.vTaskPlaceOnEventList
                0x080034bc       0x4c ./Src/tasks.o
                0x080034bc                vTaskPlaceOnEventList
 .text.xTaskRemoveFromEventList
                0x08003508      0x1b4 ./Src/tasks.o
                0x08003508                xTaskRemoveFromEventList
 .text.vTaskInternalSetTimeOutState
                0x080036bc       0x2c ./Src/tasks.o
                0x080036bc                vTaskInternalSetTimeOutState
 .text.xTaskCheckForTimeOut
                0x080036e8       0xc0 ./Src/tasks.o
                0x080036e8                xTaskCheckForTimeOut
 .text.vTaskMissedYield
                0x080037a8       0x18 ./Src/tasks.o
                0x080037a8                vTaskMissedYield
 .text.prvIdleTask
                0x080037c0       0x34 ./Src/tasks.o
 .text.prvInitialiseTaskLists
                0x080037f4       0x74 ./Src/tasks.o
 .text.prvCheckTasksWaitingTermination
                0x08003868       0x5c ./Src/tasks.o
 .text.prvDeleteTCB
                0x080038c4       0x20 ./Src/tasks.o
 .text.prvResetNextTaskUnblockTime
                0x080038e4       0x38 ./Src/tasks.o
 .text.xTaskGetCurrentTaskHandle
                0x0800391c       0x20 ./Src/tasks.o
                0x0800391c                xTaskGetCurrentTaskHandle
 .text.xTaskPriorityDisinherit
                0x0800393c      0x150 ./Src/tasks.o
                0x0800393c                xTaskPriorityDisinherit
 .text.ulTaskGenericNotifyTake
                0x08003a8c       0xfc ./Src/tasks.o
                0x08003a8c                ulTaskGenericNotifyTake
 .text.vTaskGenericNotifyGiveFromISR
                0x08003b88      0x218 ./Src/tasks.o
                0x08003b88                vTaskGenericNotifyGiveFromISR
 .text.prvAddCurrentTaskToDelayedList
                0x08003da0       0xac ./Src/tasks.o
 .text.LL_GPIO_SetPinMode
                0x08003e4c       0x7a ./Startup/Drivers/STM32F4xx_HAL_Driver/Src/stm32f4xx_ll_gpio.o
 .text.LL_GPIO_SetPinOutputType
                0x08003ec6       0x30 ./Startup/Drivers/STM32F4xx_HAL_Driver/Src/stm32f4xx_ll_gpio.o
 .text.LL_GPIO_SetPinSpeed
                0x08003ef6       0x7a ./Startup/Drivers/STM32F4xx_HAL_Driver/Src/stm32f4xx_ll_gpio.o
 .text.LL_GPIO_SetPinPull
                0x08003f70       0x7a ./Startup/Drivers/STM32F4xx_HAL_Driver/Src/stm32f4xx_ll_gpio.o
 .text.LL_GPIO_SetAFPin_0_7
                0x08003fea       0x7a ./Startup/Drivers/STM32F4xx_HAL_Driver/Src/stm32f4xx_ll_gpio.o
 .text.LL_GPIO_SetAFPin_8_15
                0x08004064       0x7e ./Startup/Drivers/STM32F4xx_HAL_Driver/Src/stm32f4xx_ll_gpio.o
 .text.LL_GPIO_Init
                0x080040e2      0x102 ./Startup/Drivers/STM32F4xx_HAL_Driver/Src/stm32f4xx_ll_gpio.o
                0x080040e2                LL_GPIO_Init
 .text.LL_RCC_GetSysClkSource
                0x080041e4       0x1c ./Startup/Drivers/STM32F4xx_HAL_Driver/Src/stm32f4xx_ll_rcc.o
 .text.LL_RCC_GetAHBPrescaler
                0x08004200       0x1c ./Startup/Drivers/STM32F4xx_HAL_Driver/Src/stm32f4xx_ll_rcc.o
 .text.LL_RCC_GetAPB1Prescaler
                0x0800421c       0x1c ./Startup/Drivers/STM32F4xx_HAL_Driver/Src/stm32f4xx_ll_rcc.o
 .text.LL_RCC_GetAPB2Prescaler
                0x08004238       0x1c ./Startup/Drivers/STM32F4xx_HAL_Driver/Src/stm32f4xx_ll_rcc.o
 .text.LL_RCC_PLL_GetMainSource
                0x08004254       0x1c ./Startup/Drivers/STM32F4xx_HAL_Driver/Src/stm32f4xx_ll_rcc.o
 .text.LL_RCC_PLL_GetN
                0x08004270       0x1c ./Startup/Drivers/STM32F4xx_HAL_Driver/Src/stm32f4xx_ll_rcc.o
 .text.LL_RCC_PLL_GetP
                0x0800428c       0x1c ./Startup/Drivers/STM32F4xx_HAL_Driver/Src/stm32f4xx_ll_rcc.o
 .text.LL_RCC_PLL_GetDivider
                0x080042a8       0x1c ./Startup/Drivers/STM32F4xx_HAL_Driver/Src/stm32f4xx_ll_rcc.o
 .text.LL_RCC_GetSystemClocksFreq
                0x080042c4       0x4a ./Startup/Drivers/STM32F4xx_HAL_Driver/Src/stm32f4xx_ll_rcc.o
                0x080042c4                LL_RCC_GetSystemClocksFreq
 *fill*         0x0800430e        0x2 
 .text.RCC_GetSystemClockFreq
                0x08004310       0x50 ./Startup/Drivers/STM32F4xx_HAL_Driver/Src/stm32f4xx_ll_rcc.o
                0x08004310                RCC_GetSystemClockFreq
 .text.RCC_GetHCLKClockFreq
                0x08004360       0x2c ./Startup/Drivers/STM32F4xx_HAL_Driver/Src/stm32f4xx_ll_rcc.o
                0x08004360                RCC_GetHCLKClockFreq
 .text.RCC_GetPCLK1ClockFreq
                0x0800438c       0x28 ./Startup/Drivers/STM32F4xx_HAL_Driver/Src/stm32f4xx_ll_rcc.o
                0x0800438c                RCC_GetPCLK1ClockFreq
 .text.RCC_GetPCLK2ClockFreq
                0x080043b4       0x28 ./Startup/Drivers/STM32F4xx_HAL_Driver/Src/stm32f4xx_ll_rcc.o
                0x080043b4                RCC_GetPCLK2ClockFreq
 .text.RCC_PLL_GetFreqDomain_SYS
                0x080043dc       0x7c ./Startup/Drivers/STM32F4xx_HAL_Driver/Src/stm32f4xx_ll_rcc.o
                0x080043dc                RCC_PLL_GetFreqDomain_SYS
 .text.LL_TIM_SetPrescaler
                0x08004458       0x1c ./Startup/Drivers/STM32F4xx_HAL_Driver/Src/stm32f4xx_ll_tim.o
 .text.LL_TIM_SetAutoReload
                0x08004474       0x1c ./Startup/Drivers/STM32F4xx_HAL_Driver/Src/stm32f4xx_ll_tim.o
 .text.LL_TIM_SetRepetitionCounter
                0x08004490       0x1c ./Startup/Drivers/STM32F4xx_HAL_Driver/Src/stm32f4xx_ll_tim.o
 .text.LL_TIM_GenerateEvent_UPDATE
                0x080044ac       0x20 ./Startup/Drivers/STM32F4xx_HAL_Driver/Src/stm32f4xx_ll_tim.o
 .text.LL_TIM_Init
                0x080044cc       0xf4 ./Startup/Drivers/STM32F4xx_HAL_Driver/Src/stm32f4xx_ll_tim.o
                0x080044cc                LL_TIM_Init
 .text.LL_USART_IsEnabled
                0x080045c0       0x28 ./Startup/Drivers/STM32F4xx_HAL_Driver/Src/stm32f4xx_ll_usart.o
 .text.LL_USART_SetStopBitsLength
                0x080045e8       0x26 ./Startup/Drivers/STM32F4xx_HAL_Driver/Src/stm32f4xx_ll_usart.o
 .text.LL_USART_SetHWFlowCtrl
                0x0800460e       0x26 ./Startup/Drivers/STM32F4xx_HAL_Driver/Src/stm32f4xx_ll_usart.o
 .text.LL_USART_SetBaudRate
                0x08004634      0x45c ./Startup/Drivers/STM32F4xx_HAL_Driver/Src/stm32f4xx_ll_usart.o
 .text.LL_USART_Init
                0x08004a90       0xc8 ./Startup/Drivers/STM32F4xx_HAL_Driver/Src/stm32f4xx_ll_usart.o
                0x08004a90                LL_USART_Init
 .text.LL_InitTick
                0x08004b58       0x34 ./Startup/Drivers/STM32F4xx_HAL_Driver/Src/stm32f4xx_ll_utils.o
 .text.LL_Init1msTick
                0x08004b8c       0x1a ./Startup/Drivers/STM32F4xx_HAL_Driver/Src/stm32f4xx_ll_utils.o
                0x08004b8c                LL_Init1msTick
 *fill*         0x08004ba6        0x2 
 .text.LL_SetSystemCoreClock
                0x08004ba8       0x20 ./Startup/Drivers/STM32F4xx_HAL_Driver/Src/stm32f4xx_ll_utils.o
                0x08004ba8                LL_SetSystemCoreClock
 .text.Reset_Handler
                0x08004bc8       0x50 ./Startup/startup_stm32f411vetx.o
                0x08004bc8                Reset_Handler
 .text.Default_Handler
                0x08004c18        0x2 ./Startup/startup_stm32f411vetx.o
                0x08004c18                RTC_Alarm_IRQHandler
                0x08004c18                EXTI2_IRQHandler
                0x08004c18                SPI4_IRQHandler
                0x08004c18                TIM1_CC_IRQHandler
                0x08004c18                DMA2_Stream5_IRQHandler
                0x08004c18                DMA1_Stream5_IRQHandler
                0x08004c18                PVD_IRQHandler
                0x08004c18                SDIO_IRQHandler
                0x08004c18                TAMP_STAMP_IRQHandler
                0x08004c18                EXTI3_IRQHandler
                0x08004c18                I2C3_ER_IRQHandler
                0x08004c18                EXTI0_IRQHandler
                0x08004c18                I2C2_EV_IRQHandler
                0x08004c18                DMA1_Stream2_IRQHandler
                0x08004c18                SPI1_IRQHandler
                0x08004c18                DMA2_Stream3_IRQHandler
                0x08004c18                USART6_IRQHandler
                0x08004c18                DMA2_Stream0_IRQHandler
                0x08004c18                TIM4_IRQHandler
                0x08004c18                I2C1_EV_IRQHandler
                0x08004c18                DMA1_Stream6_IRQHandler
                0x08004c18                DMA1_Stream1_IRQHandler
                0x08004c18                TIM3_IRQHandler
                0x08004c18                RCC_IRQHandler
                0x08004c18                Default_Handler
                0x08004c18                EXTI15_10_IRQHandler
                0x08004c18                ADC_IRQHandler
                0x08004c18                DMA1_Stream7_IRQHandler
                0x08004c18                SPI5_IRQHandler
                0x08004c18                TIM5_IRQHandler
                0x08004c18                I2C3_EV_IRQHandler
                0x08004c18                EXTI9_5_IRQHandler
                0x08004c18                RTC_WKUP_IRQHandler
                0x08004c18                SPI2_IRQHandler
                0x08004c18                DMA1_Stream0_IRQHandler
                0x08004c18                EXTI4_IRQHandler
                0x08004c18                WWDG_IRQHandler
                0x08004c18                TIM2_IRQHandler
                0x08004c18                OTG_FS_WKUP_IRQHandler
                0x08004c18                TIM1_TRG_COM_TIM11_IRQHandler
                0x08004c18                EXTI1_IRQHandler
                0x08004c18                USART2_IRQHandler
                0x08004c18                I2C2_ER_IRQHandler
                0x08004c18                DMA2_Stream1_IRQHandler
                0x08004c18                FLASH_IRQHandler
                0x08004c18                DMA2_Stream4_IRQHandler
                0x08004c18                OTG_FS_IRQHandler
                0x08004c18                SPI3_IRQHandler
                0x08004c18                DMA1_Stream4_IRQHandler
                0x08004c18                I2C1_ER_IRQHandler
                0x08004c18                DMA2_Stream6_IRQHandler
                0x08004c18                DMA1_Stream3_IRQHandler
 *fill*         0x08004c1a        0x2 
 .text.malloc   0x08004c1c       0x10 C:/ST/STM32CubeIDE_1.15.0/STM32CubeIDE/plugins/com.st.stm32cube.ide.mcu.externaltools.gnu-tools-for-stm32.12.3.rel1.win32_1.0.100.202403111256/tools/bin/../lib/gcc/arm-none-eabi/12.3.1/../../../../arm-none-eabi/lib/thumb/v7e-m+fp/hard\libc_nano.a(libc_a-malloc.o)
                0x08004c1c                malloc
 .text.free     0x08004c2c       0x10 C:/ST/STM32CubeIDE_1.15.0/STM32CubeIDE/plugins/com.st.stm32cube.ide.mcu.externaltools.gnu-tools-for-stm32.12.3.rel1.win32_1.0.100.202403111256/tools/bin/../lib/gcc/arm-none-eabi/12.3.1/../../../../arm-none-eabi/lib/thumb/v7e-m+fp/hard\libc_nano.a(libc_a-malloc.o)
                0x08004c2c                free
 .text.sbrk_aligned
                0x08004c3c       0x44 C:/ST/STM32CubeIDE_1.15.0/STM32CubeIDE/plugins/com.st.stm32cube.ide.mcu.externaltools.gnu-tools-for-stm32.12.3.rel1.win32_1.0.100.202403111256/tools/bin/../lib/gcc/arm-none-eabi/12.3.1/../../../../arm-none-eabi/lib/thumb/v7e-m+fp/hard\libc_nano.a(libc_a-mallocr.o)
 .text._malloc_r
                0x08004c80      0x100 C:/ST/STM32CubeIDE_1.15.0/STM32CubeIDE/plugins/com.st.stm32cube.ide.mcu.externaltools.gnu-tools-for-stm32.12.3.rel1.win32_1.0.100.202403111256/tools/bin/../lib/gcc/arm-none-eabi/12.3.1/../../../../arm-none-eabi/lib/thumb/v7e-m+fp/hard\libc_nano.a(libc_a-mallocr.o)
                0x08004c80                _malloc_r
 .text.__malloc_lock
                0x08004d80        0xc C:/ST/STM32CubeIDE_1.15.0/STM32CubeIDE/plugins/com.st.stm32cube.ide.mcu.externaltools.gnu-tools-for-stm32.12.3.rel1.win32_1.0.100.202403111256/tools/bin/../lib/gcc/arm-none-eabi/12.3.1/../../../../arm-none-eabi/lib/thumb/v7e-m+fp/hard\libc_nano.a(libc_a-mlock.o)
                0x08004d80                __malloc_lock
 .text.__malloc_unlock
                0x08004d8c        0xc C:/ST/STM32CubeIDE_1.15.0/STM32CubeIDE/plugins/com.st.stm32cube.ide.mcu.externaltools.gnu-tools-for-stm32.12.3.rel1.win32_1.0.100.202403111256/tools/bin/../lib/gcc/arm-none-eabi/12.3.1/../../../../arm-none-eabi/lib/thumb/v7e-m+fp/hard\libc_nano.a(libc_a-mlock.o)
                0x08004d8c                __malloc_unlock
 .text.memset   0x08004d98       0x10 C:/ST/STM32CubeIDE_1.15.0/STM32CubeIDE/plugins/com.st.stm32cube.ide.mcu.externaltools.gnu-tools-for-stm32.12.3.rel1.win32_1.0.100.202403111256/tools/bin/../lib/gcc/arm-none-eabi/12.3.1/../../../../arm-none-eabi/lib/thumb/v7e-m+fp/hard\libc_nano.a(libc_a-memset.o)
                0x08004d98                memset
 .text._sbrk_r  0x08004da8       0x20 C:/ST/STM32CubeIDE_1.15.0/STM32CubeIDE/plugins/com.st.stm32cube.ide.mcu.externaltools.gnu-tools-for-stm32.12.3.rel1.win32_1.0.100.202403111256/tools/bin/../lib/gcc/arm-none-eabi/12.3.1/../../../../arm-none-eabi/lib/thumb/v7e-m+fp/hard\libc_nano.a(libc_a-sbrkr.o)
                0x08004da8                _sbrk_r
 .text.__errno  0x08004dc8        0xc C:/ST/STM32CubeIDE_1.15.0/STM32CubeIDE/plugins/com.st.stm32cube.ide.mcu.externaltools.gnu-tools-for-stm32.12.3.rel1.win32_1.0.100.202403111256/tools/bin/../lib/gcc/arm-none-eabi/12.3.1/../../../../arm-none-eabi/lib/thumb/v7e-m+fp/hard\libc_nano.a(libc_a-errno.o)
                0x08004dc8                __errno
 .text.__libc_init_array
                0x08004dd4       0x48 C:/ST/STM32CubeIDE_1.15.0/STM32CubeIDE/plugins/com.st.stm32cube.ide.mcu.externaltools.gnu-tools-for-stm32.12.3.rel1.win32_1.0.100.202403111256/tools/bin/../lib/gcc/arm-none-eabi/12.3.1/../../../../arm-none-eabi/lib/thumb/v7e-m+fp/hard\libc_nano.a(libc_a-init.o)
                0x08004dd4                __libc_init_array
 .text.__retarget_lock_acquire_recursive
                0x08004e1c        0x2 C:/ST/STM32CubeIDE_1.15.0/STM32CubeIDE/plugins/com.st.stm32cube.ide.mcu.externaltools.gnu-tools-for-stm32.12.3.rel1.win32_1.0.100.202403111256/tools/bin/../lib/gcc/arm-none-eabi/12.3.1/../../../../arm-none-eabi/lib/thumb/v7e-m+fp/hard\libc_nano.a(libc_a-lock.o)
                0x08004e1c                __retarget_lock_acquire_recursive
 .text.__retarget_lock_release_recursive
                0x08004e1e        0x2 C:/ST/STM32CubeIDE_1.15.0/STM32CubeIDE/plugins/com.st.stm32cube.ide.mcu.externaltools.gnu-tools-for-stm32.12.3.rel1.win32_1.0.100.202403111256/tools/bin/../lib/gcc/arm-none-eabi/12.3.1/../../../../arm-none-eabi/lib/thumb/v7e-m+fp/hard\libc_nano.a(libc_a-lock.o)
                0x08004e1e                __retarget_lock_release_recursive
 .text.memcpy   0x08004e20       0x1c C:/ST/STM32CubeIDE_1.15.0/STM32CubeIDE/plugins/com.st.stm32cube.ide.mcu.externaltools.gnu-tools-for-stm32.12.3.rel1.win32_1.0.100.202403111256/tools/bin/../lib/gcc/arm-none-eabi/12.3.1/../../../../arm-none-eabi/lib/thumb/v7e-m+fp/hard\libc_nano.a(libc_a-memcpy-stub.o)
                0x08004e20                memcpy
 .text._free_r  0x08004e3c       0x94 C:/ST/STM32CubeIDE_1.15.0/STM32CubeIDE/plugins/com.st.stm32cube.ide.mcu.externaltools.gnu-tools-for-stm32.12.3.rel1.win32_1.0.100.202403111256/tools/bin/../lib/gcc/arm-none-eabi/12.3.1/../../../../arm-none-eabi/lib/thumb/v7e-m+fp/hard\libc_nano.a(libc_a-freer.o)
                0x08004e3c                _free_r
 *(.glue_7)
 .glue_7        0x08004ed0        0x0 linker stubs
 *(.glue_7t)
 .glue_7t       0x08004ed0        0x0 linker stubs
 *(.eh_frame)
 .eh_frame      0x08004ed0        0x0 C:/ST/STM32CubeIDE_1.15.0/STM32CubeIDE/plugins/com.st.stm32cube.ide.mcu.externaltools.gnu-tools-for-stm32.12.3.rel1.win32_1.0.100.202403111256/tools/bin/../lib/gcc/arm-none-eabi/12.3.1/thumb/v7e-m+fp/hard/crtbegin.o
 *(.init)
 .init          0x08004ed0        0x4 C:/ST/STM32CubeIDE_1.15.0/STM32CubeIDE/plugins/com.st.stm32cube.ide.mcu.externaltools.gnu-tools-for-stm32.12.3.rel1.win32_1.0.100.202403111256/tools/bin/../lib/gcc/arm-none-eabi/12.3.1/thumb/v7e-m+fp/hard/crti.o
                0x08004ed0                _init
 .init          0x08004ed4        0x8 C:/ST/STM32CubeIDE_1.15.0/STM32CubeIDE/plugins/com.st.stm32cube.ide.mcu.externaltools.gnu-tools-for-stm32.12.3.rel1.win32_1.0.100.202403111256/tools/bin/../lib/gcc/arm-none-eabi/12.3.1/thumb/v7e-m+fp/hard/crtn.o
 *(.fini)
 .fini          0x08004edc        0x4 C:/ST/STM32CubeIDE_1.15.0/STM32CubeIDE/plugins/com.st.stm32cube.ide.mcu.externaltools.gnu-tools-for-stm32.12.3.rel1.win32_1.0.100.202403111256/tools/bin/../lib/gcc/arm-none-eabi/12.3.1/thumb/v7e-m+fp/hard/crti.o
                0x08004edc                _fini
 .fini          0x08004ee0        0x8 C:/ST/STM32CubeIDE_1.15.0/STM32CubeIDE/plugins/com.st.stm32cube.ide.mcu.externaltools.gnu-tools-for-stm32.12.3.rel1.win32_1.0.100.202403111256/tools/bin/../lib/gcc/arm-none-eabi/12.3.1/thumb/v7e-m+fp/hard/crtn.o
                0x08004ee8                        . = ALIGN (0x4)
                0x08004ee8                        _etext = .

.vfp11_veneer   0x08004ee8        0x0
 .vfp11_veneer  0x08004ee8        0x0 linker stubs

.v4_bx          0x08004ee8        0x0
 .v4_bx         0x08004ee8        0x0 linker stubs

.iplt           0x08004ee8        0x0
 .iplt          0x08004ee8        0x0 C:/ST/STM32CubeIDE_1.15.0/STM32CubeIDE/plugins/com.st.stm32cube.ide.mcu.externaltools.gnu-tools-for-stm32.12.3.rel1.win32_1.0.100.202403111256/tools/bin/../lib/gcc/arm-none-eabi/12.3.1/thumb/v7e-m+fp/hard/crtbegin.o

.rodata         0x08004ee8       0x40
                0x08004ee8                        . = ALIGN (0x4)
 *(.rodata)
 .rodata        0x08004ee8        0xd ./Src/MainDev.o
 *fill*         0x08004ef5        0x3 
 .rodata        0x08004ef8        0x8 ./Src/USARTDrv.o
 .rodata        0x08004f00        0x5 ./Src/tasks.o
 *(.rodata*)
 *fill*         0x08004f05        0x3 
 .rodata.STREAM_OFFSET_TAB
                0x08004f08        0x8 ./Src/USARTDrv.o
 .rodata.AHBPrescTable
                0x08004f10       0x10 ./Src/system_stm32f4xx.o
                0x08004f10                AHBPrescTable
 .rodata.APBPrescTable
                0x08004f20        0x8 ./Src/system_stm32f4xx.o
                0x08004f20                APBPrescTable
                0x08004f28                        . = ALIGN (0x4)

.ARM.extab      0x08004f28        0x0
                0x08004f28                        . = ALIGN (0x4)
 *(.ARM.extab* .gnu.linkonce.armextab.*)
                0x08004f28                        . = ALIGN (0x4)

.ARM            0x08004f28        0x8
                0x08004f28                        . = ALIGN (0x4)
                0x08004f28                        __exidx_start = .
 *(.ARM.exidx*)
 .ARM.exidx     0x08004f28        0x8 C:/ST/STM32CubeIDE_1.15.0/STM32CubeIDE/plugins/com.st.stm32cube.ide.mcu.externaltools.gnu-tools-for-stm32.12.3.rel1.win32_1.0.100.202403111256/tools/bin/../lib/gcc/arm-none-eabi/12.3.1/thumb/v7e-m+fp/hard\libgcc.a(_udivmoddi4.o)
                0x08004f30                        __exidx_end = .
                0x08004f30                        . = ALIGN (0x4)

.rel.dyn        0x08004f30        0x0
 .rel.iplt      0x08004f30        0x0 C:/ST/STM32CubeIDE_1.15.0/STM32CubeIDE/plugins/com.st.stm32cube.ide.mcu.externaltools.gnu-tools-for-stm32.12.3.rel1.win32_1.0.100.202403111256/tools/bin/../lib/gcc/arm-none-eabi/12.3.1/thumb/v7e-m+fp/hard/crtbegin.o

.preinit_array  0x08004f30        0x0
                0x08004f30                        . = ALIGN (0x4)
                0x08004f30                        PROVIDE (__preinit_array_start = .)
 *(.preinit_array*)
                0x08004f30                        PROVIDE (__preinit_array_end = .)
                0x08004f30                        . = ALIGN (0x4)

.init_array     0x08004f30        0x4
                0x08004f30                        . = ALIGN (0x4)
                0x08004f30                        PROVIDE (__init_array_start = .)
 *(SORT_BY_NAME(.init_array.*))
 *(.init_array*)
 .init_array    0x08004f30        0x4 C:/ST/STM32CubeIDE_1.15.0/STM32CubeIDE/plugins/com.st.stm32cube.ide.mcu.externaltools.gnu-tools-for-stm32.12.3.rel1.win32_1.0.100.202403111256/tools/bin/../lib/gcc/arm-none-eabi/12.3.1/thumb/v7e-m+fp/hard/crtbegin.o
                0x08004f34                        PROVIDE (__init_array_end = .)
                0x08004f34                        . = ALIGN (0x4)

.fini_array     0x08004f34        0x4
                0x08004f34                        . = ALIGN (0x4)
                [!provide]                        PROVIDE (__fini_array_start = .)
 *(SORT_BY_NAME(.fini_array.*))
 *(.fini_array*)
 .fini_array    0x08004f34        0x4 C:/ST/STM32CubeIDE_1.15.0/STM32CubeIDE/plugins/com.st.stm32cube.ide.mcu.externaltools.gnu-tools-for-stm32.12.3.rel1.win32_1.0.100.202403111256/tools/bin/../lib/gcc/arm-none-eabi/12.3.1/thumb/v7e-m+fp/hard/crtbegin.o
                [!provide]                        PROVIDE (__fini_array_end = .)
                0x08004f38                        . = ALIGN (0x4)
                0x08004f38                        _sidata = LOADADDR (.data)

.data           0x20000000       0x5c load address 0x08004f38
                0x20000000                        . = ALIGN (0x4)
                0x20000000                        _sdata = .
 *(.data)
 *(.data*)
 .data.uxCriticalNesting
                0x20000000        0x4 ./Src/port.o
 .data.SystemCoreClock
                0x20000004        0x4 ./Src/system_stm32f4xx.o
                0x20000004                SystemCoreClock
 .data.uxTopUsedPriority
                0x20000008        0x4 ./Src/tasks.o
 .data._impure_ptr
                0x2000000c        0x4 C:/ST/STM32CubeIDE_1.15.0/STM32CubeIDE/plugins/com.st.stm32cube.ide.mcu.externaltools.gnu-tools-for-stm32.12.3.rel1.win32_1.0.100.202403111256/tools/bin/../lib/gcc/arm-none-eabi/12.3.1/../../../../arm-none-eabi/lib/thumb/v7e-m+fp/hard\libc_nano.a(libc_a-impure.o)
                0x2000000c                _impure_ptr
 .data._impure_data
                0x20000010       0x4c C:/ST/STM32CubeIDE_1.15.0/STM32CubeIDE/plugins/com.st.stm32cube.ide.mcu.externaltools.gnu-tools-for-stm32.12.3.rel1.win32_1.0.100.202403111256/tools/bin/../lib/gcc/arm-none-eabi/12.3.1/../../../../arm-none-eabi/lib/thumb/v7e-m+fp/hard\libc_nano.a(libc_a-impure.o)
                0x20000010                _impure_data
 *(.RamFunc)
 *(.RamFunc*)
                0x2000005c                        . = ALIGN (0x4)
                0x2000005c                        _edata = .

.igot.plt       0x2000005c        0x0 load address 0x08004f94
 .igot.plt      0x2000005c        0x0 C:/ST/STM32CubeIDE_1.15.0/STM32CubeIDE/plugins/com.st.stm32cube.ide.mcu.externaltools.gnu-tools-for-stm32.12.3.rel1.win32_1.0.100.202403111256/tools/bin/../lib/gcc/arm-none-eabi/12.3.1/thumb/v7e-m+fp/hard/crtbegin.o
                0x2000005c                        . = ALIGN (0x4)

.bss            0x2000005c      0x35c load address 0x08004f94
                0x2000005c                        _sbss = .
                0x2000005c                        __bss_start__ = _sbss
 *(.bss)
 .bss           0x2000005c       0x1c C:/ST/STM32CubeIDE_1.15.0/STM32CubeIDE/plugins/com.st.stm32cube.ide.mcu.externaltools.gnu-tools-for-stm32.12.3.rel1.win32_1.0.100.202403111256/tools/bin/../lib/gcc/arm-none-eabi/12.3.1/thumb/v7e-m+fp/hard/crtbegin.o
 *(.bss*)
 .bss.pMainDev  0x20000078        0x4 ./Src/MainDev.o
 .bss.pUSARTDrv
                0x2000007c        0x4 ./Src/USARTDrv.o
 .bss.xTaskToNotify
                0x20000080        0x4 ./Src/USARTDrv.o
 .bss.old_pos.0
                0x20000084        0x4 ./Src/USARTDrv.o
 .bss.MainDevOb
                0x20000088       0x9c ./Src/main.o
                0x20000088                MainDevOb
 .bss.ucMaxSysCallPriority
                0x20000124        0x1 ./Src/port.o
 *fill*         0x20000125        0x3 
 .bss.ulMaxPRIGROUPValue
                0x20000128        0x4 ./Src/port.o
 .bss.__sbrk_heap_end
                0x2000012c        0x4 ./Src/sysmem.o
 .bss.pxCurrentTCB
                0x20000130        0x4 ./Src/tasks.o
                0x20000130                pxCurrentTCB
 .bss.pxReadyTasksLists
                0x20000134       0xb4 ./Src/tasks.o
 .bss.xDelayedTaskList1
                0x200001e8       0x14 ./Src/tasks.o
 .bss.xDelayedTaskList2
                0x200001fc       0x14 ./Src/tasks.o
 .bss.pxDelayedTaskList
                0x20000210        0x4 ./Src/tasks.o
 .bss.pxOverflowDelayedTaskList
                0x20000214        0x4 ./Src/tasks.o
 .bss.xPendingReadyList
                0x20000218       0x14 ./Src/tasks.o
 .bss.xTasksWaitingTermination
                0x2000022c       0x14 ./Src/tasks.o
 .bss.uxDeletedTasksWaitingCleanUp
                0x20000240        0x4 ./Src/tasks.o
 .bss.uxCurrentNumberOfTasks
                0x20000244        0x4 ./Src/tasks.o
 .bss.xTickCount
                0x20000248        0x4 ./Src/tasks.o
 .bss.uxTopReadyPriority
                0x2000024c        0x4 ./Src/tasks.o
 .bss.xSchedulerRunning
                0x20000250        0x4 ./Src/tasks.o
 .bss.xPendedTicks
                0x20000254        0x4 ./Src/tasks.o
 .bss.xYieldPendings
                0x20000258        0x4 ./Src/tasks.o
 .bss.xNumOfOverflows
                0x2000025c        0x4 ./Src/tasks.o
 .bss.uxTaskNumber
                0x20000260        0x4 ./Src/tasks.o
 .bss.xNextTaskUnblockTime
                0x20000264        0x4 ./Src/tasks.o
 .bss.xIdleTaskHandles
                0x20000268        0x4 ./Src/tasks.o
 .bss.uxSchedulerSuspended
                0x2000026c        0x4 ./Src/tasks.o
 .bss.__malloc_sbrk_start
                0x20000270        0x4 C:/ST/STM32CubeIDE_1.15.0/STM32CubeIDE/plugins/com.st.stm32cube.ide.mcu.externaltools.gnu-tools-for-stm32.12.3.rel1.win32_1.0.100.202403111256/tools/bin/../lib/gcc/arm-none-eabi/12.3.1/../../../../arm-none-eabi/lib/thumb/v7e-m+fp/hard\libc_nano.a(libc_a-mallocr.o)
                0x20000270                __malloc_sbrk_start
 .bss.__malloc_free_list
                0x20000274        0x4 C:/ST/STM32CubeIDE_1.15.0/STM32CubeIDE/plugins/com.st.stm32cube.ide.mcu.externaltools.gnu-tools-for-stm32.12.3.rel1.win32_1.0.100.202403111256/tools/bin/../lib/gcc/arm-none-eabi/12.3.1/../../../../arm-none-eabi/lib/thumb/v7e-m+fp/hard\libc_nano.a(libc_a-mallocr.o)
                0x20000274                __malloc_free_list
 .bss.__sf      0x20000278      0x138 C:/ST/STM32CubeIDE_1.15.0/STM32CubeIDE/plugins/com.st.stm32cube.ide.mcu.externaltools.gnu-tools-for-stm32.12.3.rel1.win32_1.0.100.202403111256/tools/bin/../lib/gcc/arm-none-eabi/12.3.1/../../../../arm-none-eabi/lib/thumb/v7e-m+fp/hard\libc_nano.a(libc_a-findfp.o)
                0x20000278                __sf
 .bss.errno     0x200003b0        0x4 C:/ST/STM32CubeIDE_1.15.0/STM32CubeIDE/plugins/com.st.stm32cube.ide.mcu.externaltools.gnu-tools-for-stm32.12.3.rel1.win32_1.0.100.202403111256/tools/bin/../lib/gcc/arm-none-eabi/12.3.1/../../../../arm-none-eabi/lib/thumb/v7e-m+fp/hard\libc_nano.a(libc_a-reent.o)
                0x200003b0                errno
 .bss.__lock___malloc_recursive_mutex
                0x200003b4        0x1 C:/ST/STM32CubeIDE_1.15.0/STM32CubeIDE/plugins/com.st.stm32cube.ide.mcu.externaltools.gnu-tools-for-stm32.12.3.rel1.win32_1.0.100.202403111256/tools/bin/../lib/gcc/arm-none-eabi/12.3.1/../../../../arm-none-eabi/lib/thumb/v7e-m+fp/hard\libc_nano.a(libc_a-lock.o)
                0x200003b4                __lock___malloc_recursive_mutex
 *(COMMON)
                0x200003b8                        . = ALIGN (0x4)
 *fill*         0x200003b5        0x3 
                0x200003b8                        _ebss = .
                0x200003b8                        __bss_end__ = _ebss

._user_heap_stack
                0x200003b8      0x600 load address 0x08004f94
                0x200003b8                        . = ALIGN (0x8)
                [!provide]                        PROVIDE (end = .)
                0x200003b8                        PROVIDE (_end = .)
                0x200005b8                        . = (. + _Min_Heap_Size)
 *fill*         0x200003b8      0x200 
                0x200009b8                        . = (. + _Min_Stack_Size)
 *fill*         0x200005b8      0x400 
                0x200009b8                        . = ALIGN (0x8)

/DISCARD/
 libc.a(*)
 libm.a(*)
 libgcc.a(*)

.ARM.attributes
                0x00000000       0x30
 *(.ARM.attributes)
 .ARM.attributes
                0x00000000       0x22 C:/ST/STM32CubeIDE_1.15.0/STM32CubeIDE/plugins/com.st.stm32cube.ide.mcu.externaltools.gnu-tools-for-stm32.12.3.rel1.win32_1.0.100.202403111256/tools/bin/../lib/gcc/arm-none-eabi/12.3.1/thumb/v7e-m+fp/hard/crti.o
 .ARM.attributes
                0x00000022       0x34 C:/ST/STM32CubeIDE_1.15.0/STM32CubeIDE/plugins/com.st.stm32cube.ide.mcu.externaltools.gnu-tools-for-stm32.12.3.rel1.win32_1.0.100.202403111256/tools/bin/../lib/gcc/arm-none-eabi/12.3.1/thumb/v7e-m+fp/hard/crtbegin.o
 .ARM.attributes
                0x00000056       0x34 ./Src/MainDev.o
 .ARM.attributes
                0x0000008a       0x34 ./Src/USARTDrv.o
 .ARM.attributes
                0x000000be       0x34 ./Src/heap_3.o
 .ARM.attributes
                0x000000f2       0x34 ./Src/list.o
 .ARM.attributes
                0x00000126       0x34 ./Src/main.o
 .ARM.attributes
                0x0000015a       0x34 ./Src/port.o
 .ARM.attributes
                0x0000018e       0x34 ./Src/queue.o
 .ARM.attributes
                0x000001c2       0x34 ./Src/stm32f4xx_it.o
 .ARM.attributes
                0x000001f6       0x34 ./Src/sysmem.o
 .ARM.attributes
                0x0000022a       0x34 ./Src/system_stm32f4xx.o
 .ARM.attributes
                0x0000025e       0x34 ./Src/tasks.o
 .ARM.attributes
                0x00000292       0x34 ./Startup/Drivers/STM32F4xx_HAL_Driver/Src/stm32f4xx_ll_gpio.o
 .ARM.attributes
                0x000002c6       0x34 ./Startup/Drivers/STM32F4xx_HAL_Driver/Src/stm32f4xx_ll_rcc.o
 .ARM.attributes
                0x000002fa       0x34 ./Startup/Drivers/STM32F4xx_HAL_Driver/Src/stm32f4xx_ll_tim.o
 .ARM.attributes
                0x0000032e       0x34 ./Startup/Drivers/STM32F4xx_HAL_Driver/Src/stm32f4xx_ll_usart.o
 .ARM.attributes
                0x00000362       0x34 ./Startup/Drivers/STM32F4xx_HAL_Driver/Src/stm32f4xx_ll_utils.o
 .ARM.attributes
                0x00000396       0x21 ./Startup/startup_stm32f411vetx.o
 .ARM.attributes
                0x000003b7       0x34 C:/ST/STM32CubeIDE_1.15.0/STM32CubeIDE/plugins/com.st.stm32cube.ide.mcu.externaltools.gnu-tools-for-stm32.12.3.rel1.win32_1.0.100.202403111256/tools/bin/../lib/gcc/arm-none-eabi/12.3.1/../../../../arm-none-eabi/lib/thumb/v7e-m+fp/hard\libc_nano.a(libc_a-malloc.o)
 .ARM.attributes
                0x000003eb       0x34 C:/ST/STM32CubeIDE_1.15.0/STM32CubeIDE/plugins/com.st.stm32cube.ide.mcu.externaltools.gnu-tools-for-stm32.12.3.rel1.win32_1.0.100.202403111256/tools/bin/../lib/gcc/arm-none-eabi/12.3.1/../../../../arm-none-eabi/lib/thumb/v7e-m+fp/hard\libc_nano.a(libc_a-mallocr.o)
 .ARM.attributes
                0x0000041f       0x34 C:/ST/STM32CubeIDE_1.15.0/STM32CubeIDE/plugins/com.st.stm32cube.ide.mcu.externaltools.gnu-tools-for-stm32.12.3.rel1.win32_1.0.100.202403111256/tools/bin/../lib/gcc/arm-none-eabi/12.3.1/../../../../arm-none-eabi/lib/thumb/v7e-m+fp/hard\libc_nano.a(libc_a-mlock.o)
 .ARM.attributes
                0x00000453       0x34 C:/ST/STM32CubeIDE_1.15.0/STM32CubeIDE/plugins/com.st.stm32cube.ide.mcu.externaltools.gnu-tools-for-stm32.12.3.rel1.win32_1.0.100.202403111256/tools/bin/../lib/gcc/arm-none-eabi/12.3.1/../../../../arm-none-eabi/lib/thumb/v7e-m+fp/hard\libc_nano.a(libc_a-findfp.o)
 .ARM.attributes
                0x00000487       0x34 C:/ST/STM32CubeIDE_1.15.0/STM32CubeIDE/plugins/com.st.stm32cube.ide.mcu.externaltools.gnu-tools-for-stm32.12.3.rel1.win32_1.0.100.202403111256/tools/bin/../lib/gcc/arm-none-eabi/12.3.1/../../../../arm-none-eabi/lib/thumb/v7e-m+fp/hard\libc_nano.a(libc_a-memset.o)
 .ARM.attributes
                0x000004bb       0x34 C:/ST/STM32CubeIDE_1.15.0/STM32CubeIDE/plugins/com.st.stm32cube.ide.mcu.externaltools.gnu-tools-for-stm32.12.3.rel1.win32_1.0.100.202403111256/tools/bin/../lib/gcc/arm-none-eabi/12.3.1/../../../../arm-none-eabi/lib/thumb/v7e-m+fp/hard\libc_nano.a(libc_a-reent.o)
 .ARM.attributes
                0x000004ef       0x34 C:/ST/STM32CubeIDE_1.15.0/STM32CubeIDE/plugins/com.st.stm32cube.ide.mcu.externaltools.gnu-tools-for-stm32.12.3.rel1.win32_1.0.100.202403111256/tools/bin/../lib/gcc/arm-none-eabi/12.3.1/../../../../arm-none-eabi/lib/thumb/v7e-m+fp/hard\libc_nano.a(libc_a-impure.o)
 .ARM.attributes
                0x00000523       0x34 C:/ST/STM32CubeIDE_1.15.0/STM32CubeIDE/plugins/com.st.stm32cube.ide.mcu.externaltools.gnu-tools-for-stm32.12.3.rel1.win32_1.0.100.202403111256/tools/bin/../lib/gcc/arm-none-eabi/12.3.1/../../../../arm-none-eabi/lib/thumb/v7e-m+fp/hard\libc_nano.a(libc_a-sbrkr.o)
 .ARM.attributes
                0x00000557       0x34 C:/ST/STM32CubeIDE_1.15.0/STM32CubeIDE/plugins/com.st.stm32cube.ide.mcu.externaltools.gnu-tools-for-stm32.12.3.rel1.win32_1.0.100.202403111256/tools/bin/../lib/gcc/arm-none-eabi/12.3.1/../../../../arm-none-eabi/lib/thumb/v7e-m+fp/hard\libc_nano.a(libc_a-errno.o)
 .ARM.attributes
                0x0000058b       0x34 C:/ST/STM32CubeIDE_1.15.0/STM32CubeIDE/plugins/com.st.stm32cube.ide.mcu.externaltools.gnu-tools-for-stm32.12.3.rel1.win32_1.0.100.202403111256/tools/bin/../lib/gcc/arm-none-eabi/12.3.1/../../../../arm-none-eabi/lib/thumb/v7e-m+fp/hard\libc_nano.a(libc_a-init.o)
 .ARM.attributes
                0x000005bf       0x34 C:/ST/STM32CubeIDE_1.15.0/STM32CubeIDE/plugins/com.st.stm32cube.ide.mcu.externaltools.gnu-tools-for-stm32.12.3.rel1.win32_1.0.100.202403111256/tools/bin/../lib/gcc/arm-none-eabi/12.3.1/../../../../arm-none-eabi/lib/thumb/v7e-m+fp/hard\libc_nano.a(libc_a-lock.o)
 .ARM.attributes
                0x000005f3       0x34 C:/ST/STM32CubeIDE_1.15.0/STM32CubeIDE/plugins/com.st.stm32cube.ide.mcu.externaltools.gnu-tools-for-stm32.12.3.rel1.win32_1.0.100.202403111256/tools/bin/../lib/gcc/arm-none-eabi/12.3.1/../../../../arm-none-eabi/lib/thumb/v7e-m+fp/hard\libc_nano.a(libc_a-memcpy-stub.o)
 .ARM.attributes
                0x00000627       0x34 C:/ST/STM32CubeIDE_1.15.0/STM32CubeIDE/plugins/com.st.stm32cube.ide.mcu.externaltools.gnu-tools-for-stm32.12.3.rel1.win32_1.0.100.202403111256/tools/bin/../lib/gcc/arm-none-eabi/12.3.1/../../../../arm-none-eabi/lib/thumb/v7e-m+fp/hard\libc_nano.a(libc_a-freer.o)
 .ARM.attributes
                0x0000065b       0x22 C:/ST/STM32CubeIDE_1.15.0/STM32CubeIDE/plugins/com.st.stm32cube.ide.mcu.externaltools.gnu-tools-for-stm32.12.3.rel1.win32_1.0.100.202403111256/tools/bin/../lib/gcc/arm-none-eabi/12.3.1/thumb/v7e-m+fp/hard\libgcc.a(_aeabi_uldivmod.o)
 .ARM.attributes
                0x0000067d       0x34 C:/ST/STM32CubeIDE_1.15.0/STM32CubeIDE/plugins/com.st.stm32cube.ide.mcu.externaltools.gnu-tools-for-stm32.12.3.rel1.win32_1.0.100.202403111256/tools/bin/../lib/gcc/arm-none-eabi/12.3.1/thumb/v7e-m+fp/hard\libgcc.a(_udivmoddi4.o)
 .ARM.attributes
                0x000006b1       0x22 C:/ST/STM32CubeIDE_1.15.0/STM32CubeIDE/plugins/com.st.stm32cube.ide.mcu.externaltools.gnu-tools-for-stm32.12.3.rel1.win32_1.0.100.202403111256/tools/bin/../lib/gcc/arm-none-eabi/12.3.1/thumb/v7e-m+fp/hard\libgcc.a(_dvmd_tls.o)
 .ARM.attributes
                0x000006d3       0x22 C:/ST/STM32CubeIDE_1.15.0/STM32CubeIDE/plugins/com.st.stm32cube.ide.mcu.externaltools.gnu-tools-for-stm32.12.3.rel1.win32_1.0.100.202403111256/tools/bin/../lib/gcc/arm-none-eabi/12.3.1/thumb/v7e-m+fp/hard/crtn.o
OUTPUT(stm32f411_usartDRV.elf elf32-littlearm)
LOAD linker stubs
LOAD C:/ST/STM32CubeIDE_1.15.0/STM32CubeIDE/plugins/com.st.stm32cube.ide.mcu.externaltools.gnu-tools-for-stm32.12.3.rel1.win32_1.0.100.202403111256/tools/bin/../lib/gcc/arm-none-eabi/12.3.1/../../../../arm-none-eabi/lib/thumb/v7e-m+fp/hard\libc.a
LOAD C:/ST/STM32CubeIDE_1.15.0/STM32CubeIDE/plugins/com.st.stm32cube.ide.mcu.externaltools.gnu-tools-for-stm32.12.3.rel1.win32_1.0.100.202403111256/tools/bin/../lib/gcc/arm-none-eabi/12.3.1/../../../../arm-none-eabi/lib/thumb/v7e-m+fp/hard\libm.a
LOAD C:/ST/STM32CubeIDE_1.15.0/STM32CubeIDE/plugins/com.st.stm32cube.ide.mcu.externaltools.gnu-tools-for-stm32.12.3.rel1.win32_1.0.100.202403111256/tools/bin/../lib/gcc/arm-none-eabi/12.3.1/thumb/v7e-m+fp/hard\libgcc.a

.debug_info     0x00000000     0xb3cb
 .debug_info    0x00000000     0x11ed ./Src/MainDev.o
 .debug_info    0x000011ed     0x1928 ./Src/USARTDrv.o
 .debug_info    0x00002b15      0x1b7 ./Src/heap_3.o
 .debug_info    0x00002ccc      0x301 ./Src/list.o
 .debug_info    0x00002fcd      0x8da ./Src/main.o
 .debug_info    0x000038a7      0x5ca ./Src/port.o
 .debug_info    0x00003e71     0x1803 ./Src/queue.o
 .debug_info    0x00005674      0x4ee ./Src/stm32f4xx_it.o
 .debug_info    0x00005b62      0x168 ./Src/sysmem.o
 .debug_info    0x00005cca      0x537 ./Src/system_stm32f4xx.o
 .debug_info    0x00006201     0x2169 ./Src/tasks.o
 .debug_info    0x0000836a      0x94a ./Startup/Drivers/STM32F4xx_HAL_Driver/Src/stm32f4xx_ll_gpio.o
 .debug_info    0x00008cb4      0x740 ./Startup/Drivers/STM32F4xx_HAL_Driver/Src/stm32f4xx_ll_rcc.o
 .debug_info    0x000093f4      0xf6c ./Startup/Drivers/STM32F4xx_HAL_Driver/Src/stm32f4xx_ll_tim.o
 .debug_info    0x0000a360      0x713 ./Startup/Drivers/STM32F4xx_HAL_Driver/Src/stm32f4xx_ll_usart.o
 .debug_info    0x0000aa73      0x928 ./Startup/Drivers/STM32F4xx_HAL_Driver/Src/stm32f4xx_ll_utils.o
 .debug_info    0x0000b39b       0x30 ./Startup/startup_stm32f411vetx.o

.debug_abbrev   0x00000000     0x24ad
 .debug_abbrev  0x00000000      0x345 ./Src/MainDev.o
 .debug_abbrev  0x00000345      0x3db ./Src/USARTDrv.o
 .debug_abbrev  0x00000720      0x18b ./Src/heap_3.o
 .debug_abbrev  0x000008ab      0x133 ./Src/list.o
 .debug_abbrev  0x000009de      0x2d3 ./Src/main.o
 .debug_abbrev  0x00000cb1      0x277 ./Src/port.o
 .debug_abbrev  0x00000f28      0x362 ./Src/queue.o
 .debug_abbrev  0x0000128a      0x20d ./Src/stm32f4xx_it.o
 .debug_abbrev  0x00001497       0xbc ./Src/sysmem.o
 .debug_abbrev  0x00001553      0x11a ./Src/system_stm32f4xx.o
 .debug_abbrev  0x0000166d      0x3c7 ./Src/tasks.o
 .debug_abbrev  0x00001a34      0x236 ./Startup/Drivers/STM32F4xx_HAL_Driver/Src/stm32f4xx_ll_gpio.o
 .debug_abbrev  0x00001c6a      0x1ec ./Startup/Drivers/STM32F4xx_HAL_Driver/Src/stm32f4xx_ll_rcc.o
 .debug_abbrev  0x00001e56      0x20f ./Startup/Drivers/STM32F4xx_HAL_Driver/Src/stm32f4xx_ll_tim.o
 .debug_abbrev  0x00002065      0x1f2 ./Startup/Drivers/STM32F4xx_HAL_Driver/Src/stm32f4xx_ll_usart.o
 .debug_abbrev  0x00002257      0x232 ./Startup/Drivers/STM32F4xx_HAL_Driver/Src/stm32f4xx_ll_utils.o
 .debug_abbrev  0x00002489       0x24 ./Startup/startup_stm32f411vetx.o

.debug_aranges  0x00000000      0xc98
 .debug_aranges
                0x00000000       0xd0 ./Src/MainDev.o
 .debug_aranges
                0x000000d0      0x168 ./Src/USARTDrv.o
 .debug_aranges
                0x00000238       0x38 ./Src/heap_3.o
 .debug_aranges
                0x00000270       0x48 ./Src/list.o
 .debug_aranges
                0x000002b8       0xe8 ./Src/main.o
 .debug_aranges
                0x000003a0       0x88 ./Src/port.o
 .debug_aranges
                0x00000428      0x140 ./Src/queue.o
 .debug_aranges
                0x00000568       0xc8 ./Src/stm32f4xx_it.o
 .debug_aranges
                0x00000630       0x20 ./Src/sysmem.o
 .debug_aranges
                0x00000650       0x28 ./Src/system_stm32f4xx.o
 .debug_aranges
                0x00000678      0x1d0 ./Src/tasks.o
 .debug_aranges
                0x00000848       0x70 ./Startup/Drivers/STM32F4xx_HAL_Driver/Src/stm32f4xx_ll_gpio.o
 .debug_aranges
                0x000008b8      0x110 ./Startup/Drivers/STM32F4xx_HAL_Driver/Src/stm32f4xx_ll_rcc.o
 .debug_aranges
                0x000009c8      0x128 ./Startup/Drivers/STM32F4xx_HAL_Driver/Src/stm32f4xx_ll_tim.o
 .debug_aranges
                0x00000af0       0x88 ./Startup/Drivers/STM32F4xx_HAL_Driver/Src/stm32f4xx_ll_usart.o
 .debug_aranges
                0x00000b78       0xf8 ./Startup/Drivers/STM32F4xx_HAL_Driver/Src/stm32f4xx_ll_utils.o
 .debug_aranges
                0x00000c70       0x28 ./Startup/startup_stm32f411vetx.o

.debug_rnglists
                0x00000000      0x95e
 .debug_rnglists
                0x00000000       0x98 ./Src/MainDev.o
 .debug_rnglists
                0x00000098      0x10d ./Src/USARTDrv.o
 .debug_rnglists
                0x000001a5       0x25 ./Src/heap_3.o
 .debug_rnglists
                0x000001ca       0x31 ./Src/list.o
 .debug_rnglists
                0x000001fb       0xaa ./Src/main.o
 .debug_rnglists
                0x000002a5       0x63 ./Src/port.o
 .debug_rnglists
                0x00000308       0xf8 ./Src/queue.o
 .debug_rnglists
                0x00000400       0x91 ./Src/stm32f4xx_it.o
 .debug_rnglists
                0x00000491       0x13 ./Src/sysmem.o
 .debug_rnglists
                0x000004a4       0x1a ./Src/system_stm32f4xx.o
 .debug_rnglists
                0x000004be      0x16f ./Src/tasks.o
 .debug_rnglists
                0x0000062d       0x51 ./Startup/Drivers/STM32F4xx_HAL_Driver/Src/stm32f4xx_ll_gpio.o
 .debug_rnglists
                0x0000067e       0xc8 ./Startup/Drivers/STM32F4xx_HAL_Driver/Src/stm32f4xx_ll_rcc.o
 .debug_rnglists
                0x00000746       0xe4 ./Startup/Drivers/STM32F4xx_HAL_Driver/Src/stm32f4xx_ll_tim.o
 .debug_rnglists
                0x0000082a       0x63 ./Startup/Drivers/STM32F4xx_HAL_Driver/Src/stm32f4xx_ll_usart.o
 .debug_rnglists
                0x0000088d       0xb8 ./Startup/Drivers/STM32F4xx_HAL_Driver/Src/stm32f4xx_ll_utils.o
 .debug_rnglists
                0x00000945       0x19 ./Startup/startup_stm32f411vetx.o

.debug_macro    0x00000000    0x15254
 .debug_macro   0x00000000      0x203 ./Src/MainDev.o
 .debug_macro   0x00000203      0xac0 ./Src/MainDev.o
 .debug_macro   0x00000cc3       0x16 ./Src/MainDev.o
 .debug_macro   0x00000cd9       0x28 ./Src/MainDev.o
 .debug_macro   0x00000d01       0x28 ./Src/MainDev.o
 .debug_macro   0x00000d29       0x22 ./Src/MainDev.o
 .debug_macro   0x00000d4b       0x8e ./Src/MainDev.o
 .debug_macro   0x00000dd9       0x51 ./Src/MainDev.o
 .debug_macro   0x00000e2a      0x103 ./Src/MainDev.o
 .debug_macro   0x00000f2d       0x6a ./Src/MainDev.o
 .debug_macro   0x00000f97      0x1df ./Src/MainDev.o
 .debug_macro   0x00001176       0x1c ./Src/MainDev.o
 .debug_macro   0x00001192       0x22 ./Src/MainDev.o
 .debug_macro   0x000011b4       0xfb ./Src/MainDev.o
 .debug_macro   0x000012af     0x1011 ./Src/MainDev.o
 .debug_macro   0x000022c0      0x11f ./Src/MainDev.o
 .debug_macro   0x000023df     0xb953 ./Src/MainDev.o
 .debug_macro   0x0000dd32       0x6d ./Src/MainDev.o
 .debug_macro   0x0000dd9f      0x1e0 ./Src/MainDev.o
 .debug_macro   0x0000df7f      0x7a6 ./Src/MainDev.o
 .debug_macro   0x0000e725      0x11d ./Src/MainDev.o
 .debug_macro   0x0000e842      0x1ab ./Src/MainDev.o
 .debug_macro   0x0000e9ed       0xe8 ./Src/MainDev.o
 .debug_macro   0x0000ead5      0x1a6 ./Src/MainDev.o
 .debug_macro   0x0000ec7b       0x61 ./Src/MainDev.o
 .debug_macro   0x0000ecdc       0xbc ./Src/MainDev.o
 .debug_macro   0x0000ed98      0x5f3 ./Src/MainDev.o
 .debug_macro   0x0000f38b      0x1bb ./Src/MainDev.o
 .debug_macro   0x0000f546      0x149 ./Src/MainDev.o
 .debug_macro   0x0000f68f      0x165 ./Src/MainDev.o
 .debug_macro   0x0000f7f4      0x189 ./Src/MainDev.o
 .debug_macro   0x0000f97d       0x16 ./Src/MainDev.o
 .debug_macro   0x0000f993       0x1c ./Src/MainDev.o
 .debug_macro   0x0000f9af      0x182 ./Src/MainDev.o
 .debug_macro   0x0000fb31       0xee ./Src/MainDev.o
 .debug_macro   0x0000fc1f       0x2e ./Src/MainDev.o
 .debug_macro   0x0000fc4d       0x1f ./Src/MainDev.o
 .debug_macro   0x0000fc6c       0x12 ./Src/MainDev.o
 .debug_macro   0x0000fc7e     0x10a9 ./Src/MainDev.o
 .debug_macro   0x00010d27       0xc3 ./Src/MainDev.o
 .debug_macro   0x00010dea      0x14f ./Src/MainDev.o
 .debug_macro   0x00010f39       0x80 ./Src/MainDev.o
 .debug_macro   0x00010fb9       0x77 ./Src/MainDev.o
 .debug_macro   0x00011030       0x22 ./Src/MainDev.o
 .debug_macro   0x00011052       0x10 ./Src/MainDev.o
 .debug_macro   0x00011062      0x1fc ./Src/USARTDrv.o
 .debug_macro   0x0001125e       0x16 ./Src/USARTDrv.o
 .debug_macro   0x00011274       0x2e ./Src/USARTDrv.o
 .debug_macro   0x000112a2      0x1bb ./Src/heap_3.o
 .debug_macro   0x0001145d       0x2a ./Src/heap_3.o
 .debug_macro   0x00011487       0x5b ./Src/heap_3.o
 .debug_macro   0x000114e2       0x94 ./Src/heap_3.o
 .debug_macro   0x00011576       0x43 ./Src/heap_3.o
 .debug_macro   0x000115b9       0x34 ./Src/heap_3.o
 .debug_macro   0x000115ed       0x16 ./Src/heap_3.o
 .debug_macro   0x00011603      0x11c ./Src/heap_3.o
 .debug_macro   0x0001171f       0x94 ./Src/heap_3.o
 .debug_macro   0x000117b3       0x16 ./Src/heap_3.o
 .debug_macro   0x000117c9       0x43 ./Src/heap_3.o
 .debug_macro   0x0001180c       0x57 ./Src/heap_3.o
 .debug_macro   0x00011863       0x34 ./Src/heap_3.o
 .debug_macro   0x00011897       0x10 ./Src/heap_3.o
 .debug_macro   0x000118a7       0x58 ./Src/heap_3.o
 .debug_macro   0x000118ff       0x8e ./Src/heap_3.o
 .debug_macro   0x0001198d       0x1c ./Src/heap_3.o
 .debug_macro   0x000119a9      0x177 ./Src/heap_3.o
 .debug_macro   0x00011b20      0x369 ./Src/heap_3.o
 .debug_macro   0x00011e89       0x16 ./Src/heap_3.o
 .debug_macro   0x00011e9f       0x29 ./Src/heap_3.o
 .debug_macro   0x00011ec8      0x165 ./Src/heap_3.o
 .debug_macro   0x0001202d       0xe9 ./Src/heap_3.o
 .debug_macro   0x00012116      0x1ac ./Src/list.o
 .debug_macro   0x000122c2      0x213 ./Src/main.o
 .debug_macro   0x000124d5       0x16 ./Src/main.o
 .debug_macro   0x000124eb       0x3a ./Src/main.o
 .debug_macro   0x00012525      0x1d9 ./Src/port.o
 .debug_macro   0x000126fe      0x243 ./Src/queue.o
 .debug_macro   0x00012941       0x16 ./Src/queue.o
 .debug_macro   0x00012957       0x35 ./Src/queue.o
 .debug_macro   0x0001298c       0x20 ./Src/queue.o
 .debug_macro   0x000129ac      0x21b ./Src/stm32f4xx_it.o
 .debug_macro   0x00012bc7       0xff ./Src/sysmem.o
 .debug_macro   0x00012cc6      0x23c ./Src/sysmem.o
 .debug_macro   0x00012f02       0xda ./Src/system_stm32f4xx.o
 .debug_macro   0x00012fdc       0x2e ./Src/system_stm32f4xx.o
 .debug_macro   0x0001300a      0x2c9 ./Src/tasks.o
 .debug_macro   0x000132d3       0x98 ./Src/tasks.o
 .debug_macro   0x0001336b       0x16 ./Src/tasks.o
 .debug_macro   0x00013381      0x116 ./Startup/Drivers/STM32F4xx_HAL_Driver/Src/stm32f4xx_ll_gpio.o
 .debug_macro   0x00013497      0x143 ./Startup/Drivers/STM32F4xx_HAL_Driver/Src/stm32f4xx_ll_gpio.o
 .debug_macro   0x000135da       0xfb ./Startup/Drivers/STM32F4xx_HAL_Driver/Src/stm32f4xx_ll_rcc.o
 .debug_macro   0x000136d5      0x7a0 ./Startup/Drivers/STM32F4xx_HAL_Driver/Src/stm32f4xx_ll_rcc.o
 .debug_macro   0x00013e75      0x15f ./Startup/Drivers/STM32F4xx_HAL_Driver/Src/stm32f4xx_ll_tim.o
 .debug_macro   0x00013fd4      0x5ed ./Startup/Drivers/STM32F4xx_HAL_Driver/Src/stm32f4xx_ll_tim.o
 .debug_macro   0x000145c1      0x143 ./Startup/Drivers/STM32F4xx_HAL_Driver/Src/stm32f4xx_ll_usart.o
 .debug_macro   0x00014704      0x1b5 ./Startup/Drivers/STM32F4xx_HAL_Driver/Src/stm32f4xx_ll_usart.o
 .debug_macro   0x000148b9      0x1a8 ./Startup/Drivers/STM32F4xx_HAL_Driver/Src/stm32f4xx_ll_utils.o
 .debug_macro   0x00014a61       0x5b ./Startup/Drivers/STM32F4xx_HAL_Driver/Src/stm32f4xx_ll_utils.o
 .debug_macro   0x00014abc      0x798 ./Startup/Drivers/STM32F4xx_HAL_Driver/Src/stm32f4xx_ll_utils.o

.debug_line     0x00000000     0xb938
 .debug_line    0x00000000      0xb4f ./Src/MainDev.o
 .debug_line    0x00000b4f      0xf9f ./Src/USARTDrv.o
 .debug_line    0x00001aee      0x784 ./Src/heap_3.o
 .debug_line    0x00002272      0x83b ./Src/list.o
 .debug_line    0x00002aad      0xb4f ./Src/main.o
 .debug_line    0x000035fc      0x969 ./Src/port.o
 .debug_line    0x00003f65     0x1686 ./Src/queue.o
 .debug_line    0x000055eb      0xa71 ./Src/stm32f4xx_it.o
 .debug_line    0x0000605c      0x57e ./Src/sysmem.o
 .debug_line    0x000065da      0x5ce ./Src/system_stm32f4xx.o
 .debug_line    0x00006ba8     0x1bd4 ./Src/tasks.o
 .debug_line    0x0000877c      0x8dc ./Startup/Drivers/STM32F4xx_HAL_Driver/Src/stm32f4xx_ll_gpio.o
 .debug_line    0x00009058      0xa1f ./Startup/Drivers/STM32F4xx_HAL_Driver/Src/stm32f4xx_ll_rcc.o
 .debug_line    0x00009a77      0xbb0 ./Startup/Drivers/STM32F4xx_HAL_Driver/Src/stm32f4xx_ll_tim.o
 .debug_line    0x0000a627      0x7f2 ./Startup/Drivers/STM32F4xx_HAL_Driver/Src/stm32f4xx_ll_usart.o
 .debug_line    0x0000ae19      0xaa4 ./Startup/Drivers/STM32F4xx_HAL_Driver/Src/stm32f4xx_ll_utils.o
 .debug_line    0x0000b8bd       0x7b ./Startup/startup_stm32f411vetx.o

.debug_str      0x00000000    0x74ee0
 .debug_str     0x00000000    0x69c0f ./Src/MainDev.o
                              0x69f13 (size before relaxing)
 .debug_str     0x00069c0f      0x536 ./Src/USARTDrv.o
                              0x6a18c (size before relaxing)
 .debug_str     0x0006a145     0x32ae ./Src/heap_3.o
                              0x12822 (size before relaxing)
 .debug_str     0x0006d3f3      0x118 ./Src/list.o
                              0x11453 (size before relaxing)
 .debug_str     0x0006d50b      0x2fc ./Src/main.o
                              0x69a0b (size before relaxing)
 .debug_str     0x0006d807      0x97b ./Src/port.o
                               0xff8d (size before relaxing)
 .debug_str     0x0006e182      0xc27 ./Src/queue.o
                              0x13d44 (size before relaxing)
 .debug_str     0x0006eda9      0x1bb ./Src/stm32f4xx_it.o
                              0x696cf (size before relaxing)
 .debug_str     0x0006ef64      0x357 ./Src/sysmem.o
                               0x60d6 (size before relaxing)
 .debug_str     0x0006f2bb       0xb0 ./Src/system_stm32f4xx.o
                              0x4ff71 (size before relaxing)
 .debug_str     0x0006f36b     0x1e99 ./Src/tasks.o
                              0x14c23 (size before relaxing)
 .debug_str     0x00071204      0x68a ./Startup/Drivers/STM32F4xx_HAL_Driver/Src/stm32f4xx_ll_gpio.o
                              0x5145f (size before relaxing)
 .debug_str     0x0007188e      0x47c ./Startup/Drivers/STM32F4xx_HAL_Driver/Src/stm32f4xx_ll_rcc.o
                              0x5541b (size before relaxing)
 .debug_str     0x00071d0a     0x1321 ./Startup/Drivers/STM32F4xx_HAL_Driver/Src/stm32f4xx_ll_tim.o
                              0x54b69 (size before relaxing)
 .debug_str     0x0007302b      0x7e3 ./Startup/Drivers/STM32F4xx_HAL_Driver/Src/stm32f4xx_ll_usart.o
                              0x56dbd (size before relaxing)
 .debug_str     0x0007380e     0x1693 ./Startup/Drivers/STM32F4xx_HAL_Driver/Src/stm32f4xx_ll_utils.o
                              0x579ff (size before relaxing)
 .debug_str     0x00074ea1       0x3f ./Startup/startup_stm32f411vetx.o
                                 0x73 (size before relaxing)

.comment        0x00000000       0x43
 .comment       0x00000000       0x43 ./Src/MainDev.o
                                 0x44 (size before relaxing)
 .comment       0x00000043       0x44 ./Src/USARTDrv.o
 .comment       0x00000043       0x44 ./Src/heap_3.o
 .comment       0x00000043       0x44 ./Src/list.o
 .comment       0x00000043       0x44 ./Src/main.o
 .comment       0x00000043       0x44 ./Src/port.o
 .comment       0x00000043       0x44 ./Src/queue.o
 .comment       0x00000043       0x44 ./Src/stm32f4xx_it.o
 .comment       0x00000043       0x44 ./Src/sysmem.o
 .comment       0x00000043       0x44 ./Src/system_stm32f4xx.o
 .comment       0x00000043       0x44 ./Src/tasks.o
 .comment       0x00000043       0x44 ./Startup/Drivers/STM32F4xx_HAL_Driver/Src/stm32f4xx_ll_gpio.o
 .comment       0x00000043       0x44 ./Startup/Drivers/STM32F4xx_HAL_Driver/Src/stm32f4xx_ll_rcc.o
 .comment       0x00000043       0x44 ./Startup/Drivers/STM32F4xx_HAL_Driver/Src/stm32f4xx_ll_tim.o
 .comment       0x00000043       0x44 ./Startup/Drivers/STM32F4xx_HAL_Driver/Src/stm32f4xx_ll_usart.o
 .comment       0x00000043       0x44 ./Startup/Drivers/STM32F4xx_HAL_Driver/Src/stm32f4xx_ll_utils.o

.debug_frame    0x00000000     0x37c0
 .debug_frame   0x00000000      0x380 ./Src/MainDev.o
 .debug_frame   0x00000380      0x688 ./Src/USARTDrv.o
 .debug_frame   0x00000a08       0xa0 ./Src/heap_3.o
 .debug_frame   0x00000aa8      0x100 ./Src/list.o
 .debug_frame   0x00000ba8      0x3a8 ./Src/main.o
 .debug_frame   0x00000f50      0x1d0 ./Src/port.o
 .debug_frame   0x00001120      0x584 ./Src/queue.o
 .debug_frame   0x000016a4      0x2f4 ./Src/stm32f4xx_it.o
 .debug_frame   0x00001998       0x34 ./Src/sysmem.o
 .debug_frame   0x000019cc       0x58 ./Src/system_stm32f4xx.o
 .debug_frame   0x00001a24      0x7fc ./Src/tasks.o
 .debug_frame   0x00002220      0x1c0 ./Startup/Drivers/STM32F4xx_HAL_Driver/Src/stm32f4xx_ll_gpio.o
 .debug_frame   0x000023e0      0x43c ./Startup/Drivers/STM32F4xx_HAL_Driver/Src/stm32f4xx_ll_rcc.o
 .debug_frame   0x0000281c      0x538 ./Startup/Drivers/STM32F4xx_HAL_Driver/Src/stm32f4xx_ll_tim.o
 .debug_frame   0x00002d54      0x240 ./Startup/Drivers/STM32F4xx_HAL_Driver/Src/stm32f4xx_ll_usart.o
 .debug_frame   0x00002f94      0x3f8 ./Startup/Drivers/STM32F4xx_HAL_Driver/Src/stm32f4xx_ll_utils.o
 .debug_frame   0x0000338c       0x30 C:/ST/STM32CubeIDE_1.15.0/STM32CubeIDE/plugins/com.st.stm32cube.ide.mcu.externaltools.gnu-tools-for-stm32.12.3.rel1.win32_1.0.100.202403111256/tools/bin/../lib/gcc/arm-none-eabi/12.3.1/../../../../arm-none-eabi/lib/thumb/v7e-m+fp/hard\libc_nano.a(libc_a-malloc.o)
 .debug_frame   0x000033bc       0x50 C:/ST/STM32CubeIDE_1.15.0/STM32CubeIDE/plugins/com.st.stm32cube.ide.mcu.externaltools.gnu-tools-for-stm32.12.3.rel1.win32_1.0.100.202403111256/tools/bin/../lib/gcc/arm-none-eabi/12.3.1/../../../../arm-none-eabi/lib/thumb/v7e-m+fp/hard\libc_nano.a(libc_a-mallocr.o)
 .debug_frame   0x0000340c       0x30 C:/ST/STM32CubeIDE_1.15.0/STM32CubeIDE/plugins/com.st.stm32cube.ide.mcu.externaltools.gnu-tools-for-stm32.12.3.rel1.win32_1.0.100.202403111256/tools/bin/../lib/gcc/arm-none-eabi/12.3.1/../../../../arm-none-eabi/lib/thumb/v7e-m+fp/hard\libc_nano.a(libc_a-mlock.o)
 .debug_frame   0x0000343c      0x144 C:/ST/STM32CubeIDE_1.15.0/STM32CubeIDE/plugins/com.st.stm32cube.ide.mcu.externaltools.gnu-tools-for-stm32.12.3.rel1.win32_1.0.100.202403111256/tools/bin/../lib/gcc/arm-none-eabi/12.3.1/../../../../arm-none-eabi/lib/thumb/v7e-m+fp/hard\libc_nano.a(libc_a-findfp.o)
 .debug_frame   0x00003580       0x20 C:/ST/STM32CubeIDE_1.15.0/STM32CubeIDE/plugins/com.st.stm32cube.ide.mcu.externaltools.gnu-tools-for-stm32.12.3.rel1.win32_1.0.100.202403111256/tools/bin/../lib/gcc/arm-none-eabi/12.3.1/../../../../arm-none-eabi/lib/thumb/v7e-m+fp/hard\libc_nano.a(libc_a-memset.o)
 .debug_frame   0x000035a0       0x38 C:/ST/STM32CubeIDE_1.15.0/STM32CubeIDE/plugins/com.st.stm32cube.ide.mcu.externaltools.gnu-tools-for-stm32.12.3.rel1.win32_1.0.100.202403111256/tools/bin/../lib/gcc/arm-none-eabi/12.3.1/../../../../arm-none-eabi/lib/thumb/v7e-m+fp/hard\libc_nano.a(libc_a-reent.o)
 .debug_frame   0x000035d8       0x2c C:/ST/STM32CubeIDE_1.15.0/STM32CubeIDE/plugins/com.st.stm32cube.ide.mcu.externaltools.gnu-tools-for-stm32.12.3.rel1.win32_1.0.100.202403111256/tools/bin/../lib/gcc/arm-none-eabi/12.3.1/../../../../arm-none-eabi/lib/thumb/v7e-m+fp/hard\libc_nano.a(libc_a-sbrkr.o)
 .debug_frame   0x00003604       0x20 C:/ST/STM32CubeIDE_1.15.0/STM32CubeIDE/plugins/com.st.stm32cube.ide.mcu.externaltools.gnu-tools-for-stm32.12.3.rel1.win32_1.0.100.202403111256/tools/bin/../lib/gcc/arm-none-eabi/12.3.1/../../../../arm-none-eabi/lib/thumb/v7e-m+fp/hard\libc_nano.a(libc_a-errno.o)
 .debug_frame   0x00003624       0x2c C:/ST/STM32CubeIDE_1.15.0/STM32CubeIDE/plugins/com.st.stm32cube.ide.mcu.externaltools.gnu-tools-for-stm32.12.3.rel1.win32_1.0.100.202403111256/tools/bin/../lib/gcc/arm-none-eabi/12.3.1/../../../../arm-none-eabi/lib/thumb/v7e-m+fp/hard\libc_nano.a(libc_a-init.o)
 .debug_frame   0x00003650       0xb0 C:/ST/STM32CubeIDE_1.15.0/STM32CubeIDE/plugins/com.st.stm32cube.ide.mcu.externaltools.gnu-tools-for-stm32.12.3.rel1.win32_1.0.100.202403111256/tools/bin/../lib/gcc/arm-none-eabi/12.3.1/../../../../arm-none-eabi/lib/thumb/v7e-m+fp/hard\libc_nano.a(libc_a-lock.o)
 .debug_frame   0x00003700       0x28 C:/ST/STM32CubeIDE_1.15.0/STM32CubeIDE/plugins/com.st.stm32cube.ide.mcu.externaltools.gnu-tools-for-stm32.12.3.rel1.win32_1.0.100.202403111256/tools/bin/../lib/gcc/arm-none-eabi/12.3.1/../../../../arm-none-eabi/lib/thumb/v7e-m+fp/hard\libc_nano.a(libc_a-memcpy-stub.o)
 .debug_frame   0x00003728       0x38 C:/ST/STM32CubeIDE_1.15.0/STM32CubeIDE/plugins/com.st.stm32cube.ide.mcu.externaltools.gnu-tools-for-stm32.12.3.rel1.win32_1.0.100.202403111256/tools/bin/../lib/gcc/arm-none-eabi/12.3.1/../../../../arm-none-eabi/lib/thumb/v7e-m+fp/hard\libc_nano.a(libc_a-freer.o)
 .debug_frame   0x00003760       0x2c C:/ST/STM32CubeIDE_1.15.0/STM32CubeIDE/plugins/com.st.stm32cube.ide.mcu.externaltools.gnu-tools-for-stm32.12.3.rel1.win32_1.0.100.202403111256/tools/bin/../lib/gcc/arm-none-eabi/12.3.1/thumb/v7e-m+fp/hard\libgcc.a(_aeabi_uldivmod.o)
 .debug_frame   0x0000378c       0x34 C:/ST/STM32CubeIDE_1.15.0/STM32CubeIDE/plugins/com.st.stm32cube.ide.mcu.externaltools.gnu-tools-for-stm32.12.3.rel1.win32_1.0.100.202403111256/tools/bin/../lib/gcc/arm-none-eabi/12.3.1/thumb/v7e-m+fp/hard\libgcc.a(_udivmoddi4.o)

.debug_line_str
                0x00000000       0x57
 .debug_line_str
                0x00000000       0x57 ./Startup/startup_stm32f411vetx.o
