C:/Users/Mati/Desktop/uiom/stm32f411_usartDRV/Drivers/STM32F4xx_HAL_Driver/Inc/stm32f4xx_ll_rcc.h:2987:22:LL_RCC_HSI_Enable	4	static
C:/Users/Mati/Desktop/uiom/stm32f411_usartDRV/Drivers/STM32F4xx_HAL_Driver/Inc/stm32f4xx_ll_rcc.h:3007:26:LL_RCC_HSI_IsReady	4	static
C:/Users/Mati/Desktop/uiom/stm32f411_usartDRV/Drivers/STM32F4xx_HAL_Driver/Inc/stm32f4xx_ll_rcc.h:3033:22:LL_RCC_HSI_SetCalibTrimming	16	static
C:/Users/Mati/Desktop/uiom/stm32f411_usartDRV/Drivers/STM32F4xx_HAL_Driver/Inc/stm32f4xx_ll_rcc.h:3188:22:LL_RCC_SetSysClkSource	16	static
C:/Users/Mati/Desktop/uiom/stm32f411_usartDRV/Drivers/STM32F4xx_HAL_Driver/Inc/stm32f4xx_ll_rcc.h:3204:26:LL_RCC_GetSysClkSource	4	static
C:/Users/Mati/Desktop/uiom/stm32f411_usartDRV/Drivers/STM32F4xx_HAL_Driver/Inc/stm32f4xx_ll_rcc.h:3224:22:LL_RCC_SetAHBPrescaler	16	static
C:/Users/Mati/Desktop/uiom/stm32f411_usartDRV/Drivers/STM32F4xx_HAL_Driver/Inc/stm32f4xx_ll_rcc.h:3240:22:LL_RCC_SetAPB1Prescaler	16	static
C:/Users/Mati/Desktop/uiom/stm32f411_usartDRV/Drivers/STM32F4xx_HAL_Driver/Inc/stm32f4xx_ll_rcc.h:3256:22:LL_RCC_SetAPB2Prescaler	16	static
C:/Users/Mati/Desktop/uiom/stm32f411_usartDRV/Drivers/STM32F4xx_HAL_Driver/Inc/stm32f4xx_ll_rcc.h:4153:22:LL_RCC_SetTIMPrescaler	16	static
C:/Users/Mati/Desktop/uiom/stm32f411_usartDRV/Drivers/STM32F4xx_HAL_Driver/Inc/stm32f4xx_ll_rcc.h:4184:22:LL_RCC_PLL_Enable	4	static
C:/Users/Mati/Desktop/uiom/stm32f411_usartDRV/Drivers/STM32F4xx_HAL_Driver/Inc/stm32f4xx_ll_rcc.h:4205:26:LL_RCC_PLL_IsReady	4	static
C:/Users/Mati/Desktop/uiom/stm32f411_usartDRV/Drivers/STM32F4xx_HAL_Driver/Inc/stm32f4xx_ll_rcc.h:4304:22:LL_RCC_PLL_ConfigDomain_SYS	24	static
C:/Users/Mati/Desktop/uiom/stm32f411_usartDRV/Drivers/STM32F4xx_HAL_Driver/Inc/stm32f4xx_ll_bus.h:1185:22:LL_APB1_GRP1_EnableClock	24	static
C:/Users/Mati/Desktop/uiom/stm32f411_usartDRV/Drivers/STM32F4xx_HAL_Driver/Inc/stm32f4xx_ll_bus.h:1704:22:LL_APB2_GRP1_EnableClock	24	static
C:/Users/Mati/Desktop/uiom/stm32f411_usartDRV/Drivers/STM32F4xx_HAL_Driver/Inc/stm32f4xx_ll_system.h:1543:22:LL_FLASH_SetLatency	16	static
C:/Users/Mati/Desktop/uiom/stm32f411_usartDRV/Drivers/STM32F4xx_HAL_Driver/Inc/stm32f4xx_ll_system.h:1569:26:LL_FLASH_GetLatency	4	static
C:/Users/Mati/Desktop/uiom/stm32f411_usartDRV/Drivers/STM32F4xx_HAL_Driver/Inc/stm32f4xx_ll_pwr.h:505:22:LL_PWR_SetRegulVoltageScaling	16	static
C:/Users/Mati/Desktop/uiom/stm32f411_usartDRV/Drivers/STM32F4xx_HAL_Driver/Inc/stm32f4xx_ll_pwr.h:883:26:LL_PWR_IsActiveFlag_VOS	4	static
C:/Users/Mati/Desktop/uiom/stm32f411_usartDRV/Inc/FreeRTOSConfig.h:186:12:inHandlerMode	16	static,ignoring_inline_asm
../Src/main.c:15:5:main	8	static
../Src/main.c:32:6:vApplicationIdleHook	4	static
../Src/main.c:39:6:vApplicationTickHook	4	static
../Src/main.c:45:6:vApplicationMallocFailedHook	4	static,ignoring_inline_asm
../Src/main.c:53:6:vApplicationStackOverflowHook	16	static,ignoring_inline_asm
../Src/main.c:61:6:SystemClock_Config	8	static
../Src/main.c:102:6:Error_Handler	4	static,ignoring_inline_asm
